Archive member included because of file (symbol)

/Users/maticknap/Downloads/gcc-arm-none-eabi-4_8-2014q2/bin/../lib/gcc/arm-none-eabi/4.8.4/armv7e-m/softfp/libgcc.a(_arm_addsubdf3.o)
                              obj/App/Common/Minimal/flop.o (__aeabi_dsub)
/Users/maticknap/Downloads/gcc-arm-none-eabi-4_8-2014q2/bin/../lib/gcc/arm-none-eabi/4.8.4/armv7e-m/softfp/libgcc.a(_arm_muldivdf3.o)
                              obj/App/Common/Minimal/flop.o (__aeabi_dmul)
/Users/maticknap/Downloads/gcc-arm-none-eabi-4_8-2014q2/bin/../lib/gcc/arm-none-eabi/4.8.4/armv7e-m/softfp/libgcc.a(_arm_cmpdf2.o)
                              obj/App/Common/Minimal/flop.o (__aeabi_dcmpgt)
/Users/maticknap/Downloads/gcc-arm-none-eabi-4_8-2014q2/bin/../lib/gcc/arm-none-eabi/4.8.4/../../../../arm-none-eabi/lib/armv7e-m/softfp/libc.a(lib_a-exit.o)
                              /Users/maticknap/Downloads/gcc-arm-none-eabi-4_8-2014q2/bin/../lib/gcc/arm-none-eabi/4.8.4/../../../../arm-none-eabi/lib/armv7e-m/softfp/crt0.o (exit)
/Users/maticknap/Downloads/gcc-arm-none-eabi-4_8-2014q2/bin/../lib/gcc/arm-none-eabi/4.8.4/../../../../arm-none-eabi/lib/armv7e-m/softfp/libc.a(lib_a-impure.o)
                              /Users/maticknap/Downloads/gcc-arm-none-eabi-4_8-2014q2/bin/../lib/gcc/arm-none-eabi/4.8.4/../../../../arm-none-eabi/lib/armv7e-m/softfp/libc.a(lib_a-exit.o) (_global_impure_ptr)
/Users/maticknap/Downloads/gcc-arm-none-eabi-4_8-2014q2/bin/../lib/gcc/arm-none-eabi/4.8.4/../../../../arm-none-eabi/lib/armv7e-m/softfp/libc.a(lib_a-init.o)
                              /Users/maticknap/Downloads/gcc-arm-none-eabi-4_8-2014q2/bin/../lib/gcc/arm-none-eabi/4.8.4/../../../../arm-none-eabi/lib/armv7e-m/softfp/crt0.o (__libc_init_array)
/Users/maticknap/Downloads/gcc-arm-none-eabi-4_8-2014q2/bin/../lib/gcc/arm-none-eabi/4.8.4/../../../../arm-none-eabi/lib/armv7e-m/softfp/libc.a(lib_a-memcmp.o)
                              obj/Source/tasks.o (memcmp)
/Users/maticknap/Downloads/gcc-arm-none-eabi-4_8-2014q2/bin/../lib/gcc/arm-none-eabi/4.8.4/../../../../arm-none-eabi/lib/armv7e-m/softfp/libc.a(lib_a-memcpy.o)
                              obj/App/STM32F4-Discovery/W5200.o (memcpy)
/Users/maticknap/Downloads/gcc-arm-none-eabi-4_8-2014q2/bin/../lib/gcc/arm-none-eabi/4.8.4/../../../../arm-none-eabi/lib/armv7e-m/softfp/libc.a(lib_a-memset.o)
                              /Users/maticknap/Downloads/gcc-arm-none-eabi-4_8-2014q2/bin/../lib/gcc/arm-none-eabi/4.8.4/../../../../arm-none-eabi/lib/armv7e-m/softfp/crt0.o (memset)
/Users/maticknap/Downloads/gcc-arm-none-eabi-4_8-2014q2/bin/../lib/gcc/arm-none-eabi/4.8.4/../../../../arm-none-eabi/lib/armv7e-m/softfp/libc.a(lib_a-strncmp.o)
                              obj/App/STM32F4-Discovery/main.o (strncmp)
/Users/maticknap/Downloads/gcc-arm-none-eabi-4_8-2014q2/bin/../lib/gcc/arm-none-eabi/4.8.4/../../../../arm-none-eabi/lib/armv7e-m/softfp/libc.a(lib_a-__call_atexit.o)
                              /Users/maticknap/Downloads/gcc-arm-none-eabi-4_8-2014q2/bin/../lib/gcc/arm-none-eabi/4.8.4/../../../../arm-none-eabi/lib/armv7e-m/softfp/libc.a(lib_a-exit.o) (__call_exitprocs)
/Users/maticknap/Downloads/gcc-arm-none-eabi-4_8-2014q2/bin/../lib/gcc/arm-none-eabi/4.8.4/../../../../arm-none-eabi/lib/armv7e-m/softfp/libc.a(lib_a-atexit.o)
                              /Users/maticknap/Downloads/gcc-arm-none-eabi-4_8-2014q2/bin/../lib/gcc/arm-none-eabi/4.8.4/../../../../arm-none-eabi/lib/armv7e-m/softfp/libc.a(lib_a-__call_atexit.o) (atexit)
/Users/maticknap/Downloads/gcc-arm-none-eabi-4_8-2014q2/bin/../lib/gcc/arm-none-eabi/4.8.4/../../../../arm-none-eabi/lib/armv7e-m/softfp/libc.a(lib_a-fini.o)
                              /Users/maticknap/Downloads/gcc-arm-none-eabi-4_8-2014q2/bin/../lib/gcc/arm-none-eabi/4.8.4/../../../../arm-none-eabi/lib/armv7e-m/softfp/libc.a(lib_a-__call_atexit.o) (__libc_fini_array)
/Users/maticknap/Downloads/gcc-arm-none-eabi-4_8-2014q2/bin/../lib/gcc/arm-none-eabi/4.8.4/../../../../arm-none-eabi/lib/armv7e-m/softfp/libc.a(lib_a-__atexit.o)
                              /Users/maticknap/Downloads/gcc-arm-none-eabi-4_8-2014q2/bin/../lib/gcc/arm-none-eabi/4.8.4/../../../../arm-none-eabi/lib/armv7e-m/softfp/libc.a(lib_a-atexit.o) (__register_exitproc)

Allocating common symbols
Common symbol       size              file

xSemaphoreDMASPI    0x4               obj/App/STM32F4-Discovery/spi.o
set_macTaskHandle   0x4               obj/App/STM32F4-Discovery/spi.o
xQueueRegistry      0x40              obj/Source/queue.o
bufferRXidx         0x4               obj/App/STM32F4-Discovery/spi.o
bufferRX            0x7d0             obj/App/STM32F4-Discovery/spi.o
xCreatedTask        0x4               obj/App/Common/Minimal/death.o
dat_lengthRX        0x4               obj/App/STM32F4-Discovery/spi.o
bufferTX            0x7d0             obj/App/STM32F4-Discovery/spi.o
NVIC_InitStructure  0x4               obj/App/STM32F4-Discovery/board/stm32f4_discovery.o
xSuspendedTestQueue
[...]
Memory Configuration

Name             Origin             Length             Attributes
FLASH            0x0000000008000000 0x0000000000100000 xr
RAM              0x0000000020000000 0x0000000000030000 xrw
MEMORY_B1        0x0000000060000000 0x0000000000000000 xr
*default*        0x0000000000000000 0xffffffffffffffff

Linker script and memory map

LOAD /Users/maticknap/Downloads/gcc-arm-none-eabi-4_8-2014q2/bin/../lib/gcc/arm-none-eabi/4.8.4/armv7e-m/softfp/crti.o
LOAD /Users/maticknap/Downloads/gcc-arm-none-eabi-4_8-2014q2/bin/../lib/gcc/arm-none-eabi/4.8.4/armv7e-m/softfp/crtbegin.o
LOAD /Users/maticknap/Downloads/gcc-arm-none-eabi-4_8-2014q2/bin/../lib/gcc/arm-none-eabi/4.8.4/../../../../arm-none-eabi/lib/armv7e-m/softfp/crt0.o
LOAD obj/App/STM32F4-Discovery/spi.o
LOAD obj/App/STM32F4-Discovery/wiznet.o
LOAD obj/App/STM32F4-Discovery/W5200.o
LOAD obj/App/STM32F4-Discovery/main.o
LOAD obj/App/STM32F4-Discovery/ParTest.o
LOAD obj/App/STM32F4-Discovery/startup/startup_stm32f4xx.o
LOAD obj/App/STM32F4-Discovery/startup/system_stm32f4xx.o
LOAD obj/Source/tasks.o
LOAD obj/Source/queue.o
LOAD obj/Source/list.o
LOAD obj/Source/croutine.o
LOAD obj/Source/portable/GCC/ARM_CM4F/port.o
LOAD obj/Source/timers.o
LOAD obj/Source/portable/MemMang/heap_1.o
LOAD obj/App/Common/Minimal/BlockQ.o
LOAD obj/App/Common/Minimal/blocktim.o
LOAD obj/App/Common/Minimal/countsem.o
LOAD obj/App/Common/Minimal/death.o
LOAD obj/App/Common/Minimal/dynamic.o
LOAD obj/App/Common/Minimal/flash.o
LOAD obj/App/Common/Minimal/flop.o
LOAD obj/App/Common/Minimal/GenQTest.o
LOAD obj/App/Common/Minimal/integer.o
LOAD obj/App/Common/Minimal/PollQ.o
LOAD obj/App/Common/Minimal/recmutex.o
LOAD obj/App/Common/Minimal/semtest.o
LOAD obj/App/STM32F4-Discovery/board/stm32f4_discovery.o
LOAD obj/App/STM32F4-Discovery/Libraries/STM32F4xx_StdPeriph_Driver/src/misc.o
LOAD obj/App/STM32F4-Discovery/Libraries/STM32F4xx_StdPeriph_Driver/src/stm32f4xx_adc.o
LOAD obj/App/STM32F4-Discovery/Libraries/STM32F4xx_StdPeriph_Driver/src/stm32f4xx_can.o
LOAD obj/App/STM32F4-Discovery/Libraries/STM32F4xx_StdPeriph_Driver/src/stm32f4xx_crc.o
LOAD obj/App/STM32F4-Discovery/Libraries/STM32F4xx_StdPeriph_Driver/src/stm32f4xx_cryp.o
LOAD obj/App/STM32F4-Discovery/Libraries/STM32F4xx_StdPeriph_Driver/src/stm32f4xx_cryp_aes.o
LOAD obj/App/STM32F4-Discovery/Libraries/STM32F4xx_StdPeriph_Driver/src/stm32f4xx_cryp_des.o
LOAD obj/App/STM32F4-Discovery/Libraries/STM32F4xx_StdPeriph_Driver/src/stm32f4xx_cryp_tdes.o
LOAD obj/App/STM32F4-Discovery/Libraries/STM32F4xx_StdPeriph_Driver/src/stm32f4xx_dac.o
LOAD obj/App/STM32F4-Discovery/Libraries/STM32F4xx_StdPeriph_Driver/src/stm32f4xx_dbgmcu.o
LOAD obj/App/STM32F4-Discovery/Libraries/STM32F4xx_StdPeriph_Driver/src/stm32f4xx_dcmi.o
LOAD obj/App/STM32F4-Discovery/Libraries/STM32F4xx_StdPeriph_Driver/src/stm32f4xx_dma.o
LOAD obj/App/STM32F4-Discovery/Libraries/STM32F4xx_StdPeriph_Driver/src/stm32f4xx_exti.o
LOAD obj/App/STM32F4-Discovery/Libraries/STM32F4xx_StdPeriph_Driver/src/stm32f4xx_flash.o
LOAD obj/App/STM32F4-Discovery/Libraries/STM32F4xx_StdPeriph_Driver/src/stm32f4xx_fsmc.o
LOAD obj/App/STM32F4-Discovery/Libraries/STM32F4xx_StdPeriph_Driver/src/stm32f4xx_gpio.o
LOAD obj/App/STM32F4-Discovery/Libraries/STM32F4xx_StdPeriph_Driver/src/stm32f4xx_hash.o
LOAD obj/App/STM32F4-Discovery/Libraries/STM32F4xx_StdPeriph_Driver/src/stm32f4xx_hash_md5.o
LOAD obj/App/STM32F4-Discovery/Libraries/STM32F4xx_StdPeriph_Driver/src/stm32f4xx_hash_sha1.o
LOAD obj/App/STM32F4-Discovery/Libraries/STM32F4xx_StdPeriph_Driver/src/stm32f4xx_i2c.o
LOAD obj/App/STM32F4-Discovery/Libraries/STM32F4xx_StdPeriph_Driver/src/stm32f4xx_iwdg.o
LOAD obj/App/STM32F4-Discovery/Libraries/STM32F4xx_StdPeriph_Driver/src/stm32f4xx_pwr.o
LOAD obj/App/STM32F4-Discovery/Libraries/STM32F4xx_StdPeriph_Driver/src/stm32f4xx_rcc.o
LOAD obj/App/STM32F4-Discovery/Libraries/STM32F4xx_StdPeriph_Driver/src/stm32f4xx_rng.o
LOAD obj/App/STM32F4-Discovery/Libraries/STM32F4xx_StdPeriph_Driver/src/stm32f4xx_rtc.o
LOAD obj/App/STM32F4-Discovery/Libraries/STM32F4xx_StdPeriph_Driver/src/stm32f4xx_sdio.o
LOAD obj/App/STM32F4-Discovery/Libraries/STM32F4xx_StdPeriph_Driver/src/stm32f4xx_spi.o
LOAD obj/App/STM32F4-Discovery/Libraries/STM32F4xx_StdPeriph_Driver/src/stm32f4xx_syscfg.o
LOAD obj/App/STM32F4-Discovery/Libraries/STM32F4xx_StdPeriph_Driver/src/stm32f4xx_tim.o
LOAD obj/App/STM32F4-Discovery/Libraries/STM32F4xx_StdPeriph_Driver/src/stm32f4xx_usart.o
LOAD obj/App/STM32F4-Discovery/Libraries/STM32F4xx_StdPeriph_Driver/src/stm32f4xx_wwdg.o
LOAD /Users/maticknap/Downloads/gcc-arm-none-eabi-4_8-2014q2/bin/../lib/gcc/arm-none-eabi/4.8.4/../../../../arm-none-eabi/lib/armv7e-m/softfp/libm.a
START GROUP
LOAD /Users/maticknap/Downloads/gcc-arm-none-eabi-4_8-2014q2/bin/../lib/gcc/arm-none-eabi/4.8.4/armv7e-m/softfp/libgcc.a
LOAD /Users/maticknap/Downloads/gcc-arm-none-eabi-4_8-2014q2/bin/../lib/gcc/arm-none-eabi/4.8.4/../../../../arm-none-eabi/lib/armv7e-m/softfp/libc.a
END GROUP
LOAD /Users/maticknap/Downloads/gcc-arm-none-eabi-4_8-2014q2/bin/../lib/gcc/arm-none-eabi/4.8.4/armv7e-m/softfp/crtend.o
LOAD /Users/maticknap/Downloads/gcc-arm-none-eabi-4_8-2014q2/bin/../lib/gcc/arm-none-eabi/4.8.4/armv7e-m/softfp/crtn.o
                0x0000000020020000                _estack = 0x20020000
                0x0000000000000000                _Min_Heap_Size = 0x0
                0x0000000000000400                _Min_Stack_Size = 0x400

.isr_vector     0x0000000008000000      0x188
                0x0000000008000000                . = ALIGN (0x4)
 *(.isr_vector)
 .isr_vector    0x0000000008000000      0x188 obj/App/STM32F4-Discovery/startup/startup_stm32f4xx.o
                0x0000000008000000                g_pfnVectors
                0x0000000008000188                . = ALIGN (0x4)

.text           0x0000000008000188     0x5c94
                0x0000000008000188                . = ALIGN (0x4)
 *(.text)
 .text          0x0000000008000188       0x54 /Users/maticknap/Downloads/gcc-arm-none-eabi-4_8-2014q2/bin/../lib/gcc/arm-none-eabi/4.8.4/armv7e-m/softfp/crtbegin.o
 .text          0x00000000080001dc      0x134 /Users/maticknap/Downloads/gcc-arm-none-eabi-4_8-2014q2/bin/../lib/gcc/arm-none-eabi/4.8.4/../../../../arm-none-eabi/lib/armv7e-m/softfp/libc.a(lib_a-memcpy.o)
                0x00000000080001dc                memcpy
 *(.text*)
 .text.init_SPI1
                0x0000000008000310      0x2f0 obj/App/STM32F4-Discovery/spi.o
                0x0000000008000310                init_SPI1
 .text.DMA2_Stream2_IRQHandler
                0x0000000008000600       0x94 obj/App/STM32F4-Discovery/spi.o
                0x0000000008000600                DMA2_Stream2_IRQHandler
 .text.DMA2_Stream3_IRQHandler
                0x0000000008000694       0x94 obj/App/STM32F4-Discovery/spi.o
                0x0000000008000694                DMA2_Stream3_IRQHandler
 .text.spi_dma_send
                0x0000000008000728      0x110 obj/App/STM32F4-Discovery/spi.o
                0x0000000008000728                spi_dma_send
 .text.spi_dma_send2B
                0x0000000008000838       0xa4 obj/App/STM32F4-Discovery/spi.o
                0x0000000008000838                spi_dma_send2B
 .text.spi_dma_sendByte
                0x00000000080008dc       0x98 obj/App/STM32F4-Discovery/spi.o
                0x00000000080008dc                spi_dma_sendByte
 .text.spi_dma_read
                0x0000000008000974      0x10c obj/App/STM32F4-Discovery/spi.o
                0x0000000008000974                spi_dma_read
 .text.wiznet_initialize
                0x0000000008000a80       0xb0 obj/App/STM32F4-Discovery/W5200.o
                0x0000000008000a80                wiznet_initialize
 .text.wiznet_set_hardware_address
                0x0000000008000b30       0x18 obj/App/STM32F4-Discovery/W5200.o
                0x0000000008000b30                wiznet_set_hardware_address
 .text.wiznet_get_hardware_address
                0x0000000008000b48       0x24 obj/App/STM32F4-Discovery/W5200.o
                0x0000000008000b48                wiznet_get_hardware_address
 .text.wiznet_configure_network
                0x0000000008000b6c       0x30 obj/App/STM32F4-Discovery/W5200.o
                0x0000000008000b6c                wiznet_configure_network
 .text.wiznet_get_ipaddress
                0x0000000008000b9c       0x24 obj/App/STM32F4-Discovery/W5200.o
                0x0000000008000b9c                wiznet_get_ipaddress
 .text.get_CRStatus
                0x0000000008000bc0       0x38 obj/App/STM32F4-Discovery/W5200.o
                0x0000000008000bc0                get_CRStatus
 .text.get_SRStatus
                0x0000000008000bf8       0x38 obj/App/STM32F4-Discovery/W5200.o
                0x0000000008000bf8                get_SRStatus
 .text.get_TXFSRStatus
                0x0000000008000c30       0x48 obj/App/STM32F4-Discovery/W5200.o
                0x0000000008000c30                get_TXFSRStatus
 .text.get_TXWRStatus
                0x0000000008000c78       0x48 obj/App/STM32F4-Discovery/W5200.o
                0x0000000008000c78                get_TXWRStatus
 .text.get_TXRD
                0x0000000008000cc0       0x48 obj/App/STM32F4-Discovery/W5200.o
                0x0000000008000cc0                get_TXRD
 .text.set_TXWR
                0x0000000008000d08       0x30 obj/App/STM32F4-Discovery/W5200.o
                0x0000000008000d08                set_TXWR
 .text.get_RXRSR
                0x0000000008000d38       0x48 obj/App/STM32F4-Discovery/W5200.o
                0x0000000008000d38                get_RXRSR
 .text.get_RXRD
                0x0000000008000d80       0x48 obj/App/STM32F4-Discovery/W5200.o
                0x0000000008000d80                get_RXRD
 .text.set_RXRD
                0x0000000008000dc8       0x30 obj/App/STM32F4-Discovery/W5200.o
                0x0000000008000dc8                set_RXRD
 .text.write_memory
                0x0000000008000df8       0xb0 obj/App/STM32F4-Discovery/W5200.o
                0x0000000008000df8                write_memory
 .text.read_memory
                0x0000000008000ea8       0xc0 obj/App/STM32F4-Discovery/W5200.o
                0x0000000008000ea8                read_memory
 .text.socket   0x0000000008000f68      0x150 obj/App/STM32F4-Discovery/W5200.o
                0x0000000008000f68                socket
 .text.closesocket
                0x00000000080010b8       0x7c obj/App/STM32F4-Discovery/W5200.o
                0x00000000080010b8                closesocket
 .text.send     0x0000000008001134      0x188 obj/App/STM32F4-Discovery/W5200.o
                0x0000000008001134                send
 .text.recv     0x00000000080012bc       0xe4 obj/App/STM32F4-Discovery/W5200.o
                0x00000000080012bc                recv
 .text.listen   0x00000000080013a0       0xa8 obj/App/STM32F4-Discovery/W5200.o
                0x00000000080013a0                listen
 .text.locate_interrupt
                0x0000000008001448       0x70 obj/App/STM32F4-Discovery/W5200.o
                0x0000000008001448                locate_interrupt
 .text.EXTI0_IRQHandler
                0x00000000080014b8       0x1c obj/App/STM32F4-Discovery/W5200.o
                0x00000000080014b8                EXTI0_IRQHandler
 .text.NVIC_SetPendingIRQ
                0x00000000080014d4       0x34 obj/App/STM32F4-Discovery/main.o
 .text.main     0x0000000008001508       0x38 obj/App/STM32F4-Discovery/main.o
                0x0000000008001508                main
 .text.set_macTask
                0x0000000008001540      0x184 obj/App/STM32F4-Discovery/main.o
                0x0000000008001540                set_macTask
 .text.prvSetupHardware
                0x00000000080016c4       0x1c obj/App/STM32F4-Discovery/main.o
 .text.vApplicationTickHook
                0x00000000080016e0       0x24 obj/App/STM32F4-Discovery/main.o
                0x00000000080016e0                vApplicationTickHook
 .text.TIM3_IRQHandler
                0x0000000008001704       0x3c obj/App/STM32F4-Discovery/main.o
                0x0000000008001704                TIM3_IRQHandler
 .text.TIM2_IRQHandler
                0x0000000008001740       0x24 obj/App/STM32F4-Discovery/main.o
                0x0000000008001740                TIM2_IRQHandler
 .text.EXTI9_5_IRQHandler
                0x0000000008001764       0x40 obj/App/STM32F4-Discovery/main.o
                0x0000000008001764                EXTI9_5_IRQHandler
 .text.vApplicationMallocFailedHook
                0x00000000080017a4        0xc obj/App/STM32F4-Discovery/main.o
                0x00000000080017a4                vApplicationMallocFailedHook
 .text.vApplicationIdleHook
                0x00000000080017b0        0xc obj/App/STM32F4-Discovery/main.o
                0x00000000080017b0                vApplicationIdleHook
 .text.vApplicationStackOverflowHook
                0x00000000080017bc       0x10 obj/App/STM32F4-Discovery/main.o
                0x00000000080017bc                vApplicationStackOverflowHook
 .text.assert_failed
                0x00000000080017cc       0x14 obj/App/STM32F4-Discovery/main.o
                0x00000000080017cc                assert_failed
 .text.vParTestInitialise
                0x00000000080017e0       0x20 obj/App/STM32F4-Discovery/ParTest.o
                0x00000000080017e0                vParTestInitialise
 .text.Reset_Handler
                0x0000000008001800       0x60 obj/App/STM32F4-Discovery/startup/startup_stm32f4xx.o
                0x0000000008001800                Reset_Handler
 .text.Default_Handler
                0x0000000008001860        0x4 obj/App/STM32F4-Discovery/startup/startup_stm32f4xx.o
                0x0000000008001860                DMA1_Stream3_IRQHandler
                0x0000000008001860                HASH_RNG_IRQHandler
                0x0000000008001860                EXTI2_IRQHandler
                0x0000000008001860                TIM8_CC_IRQHandler
                0x0000000008001860                DebugMon_Handler
                0x0000000008001860                TIM1_CC_IRQHandler
                0x0000000008001860                DMA2_Stream5_IRQHandler
                0x0000000008001860                HardFault_Handler
                0x0000000008001860                DMA1_Stream5_IRQHandler
                0x0000000008001860                PVD_IRQHandler
                0x0000000008001860                SDIO_IRQHandler
                0x0000000008001860                TAMP_STAMP_IRQHandler
                0x0000000008001860                NMI_Handler
                0x0000000008001860                CAN2_RX1_IRQHandler
                0x0000000008001860                EXTI3_IRQHandler
                0x0000000008001860                TIM8_TRG_COM_TIM14_IRQHandler
                0x0000000008001860                TIM1_UP_TIM10_IRQHandler
                0x0000000008001860                TIM8_UP_TIM13_IRQHandler
                0x0000000008001860                I2C3_ER_IRQHandler
                0x0000000008001860                I2C2_EV_IRQHandler
                0x0000000008001860                DMA1_Stream2_IRQHandler
                0x0000000008001860                CAN1_RX0_IRQHandler
                0x0000000008001860                FPU_IRQHandler
                0x0000000008001860                OTG_HS_WKUP_IRQHandler
                0x0000000008001860                UsageFault_Handler
                0x0000000008001860                CAN2_SCE_IRQHandler
                0x0000000008001860                SPI1_IRQHandler
                0x0000000008001860                TIM6_DAC_IRQHandler
                0x0000000008001860                TIM1_BRK_TIM9_IRQHandler
                0x0000000008001860                DCMI_IRQHandler
                0x0000000008001860                CAN2_RX0_IRQHandler
                0x0000000008001860                USART6_IRQHandler
                0x0000000008001860                USART3_IRQHandler
                0x0000000008001860                CRYP_IRQHandler
                0x0000000008001860                CAN1_RX1_IRQHandler
                0x0000000008001860                UART5_IRQHandler
                0x0000000008001860                DMA2_Stream0_IRQHandler
                0x0000000008001860                TIM4_IRQHandler
                0x0000000008001860                I2C1_EV_IRQHandler
                0x0000000008001860                DMA1_Stream6_IRQHandler
                0x0000000008001860                DMA1_Stream1_IRQHandler
                0x0000000008001860                UART4_IRQHandler
                0x0000000008001860                RCC_IRQHandler
                0x0000000008001860                TIM8_BRK_TIM12_IRQHandler
                0x0000000008001860                Default_Handler
                0x0000000008001860                EXTI15_10_IRQHandler
                0x0000000008001860                ADC_IRQHandler
                0x0000000008001860                DMA1_Stream7_IRQHandler
                0x0000000008001860                TIM7_IRQHandler
                0x0000000008001860                CAN2_TX_IRQHandler
                0x0000000008001860                TIM5_IRQHandler
                0x0000000008001860                DMA2_Stream7_IRQHandler
                0x0000000008001860                I2C3_EV_IRQHandler
                0x0000000008001860                RTC_WKUP_IRQHandler
                0x0000000008001860                ETH_WKUP_IRQHandler
                0x0000000008001860                SPI2_IRQHandler
                0x0000000008001860                OTG_HS_EP1_IN_IRQHandler
                0x0000000008001860                MemManage_Handler
                0x0000000008001860                DMA1_Stream0_IRQHandler
                0x0000000008001860                CAN1_TX_IRQHandler
                0x0000000008001860                EXTI4_IRQHandler
                0x0000000008001860                FSMC_IRQHandler
                0x0000000008001860                ETH_IRQHandler
                0x0000000008001860                OTG_HS_EP1_OUT_IRQHandler
                0x0000000008001860                WWDG_IRQHandler
                0x0000000008001860                OTG_FS_WKUP_IRQHandler
                0x0000000008001860                TIM1_TRG_COM_TIM11_IRQHandler
                0x0000000008001860                OTG_HS_IRQHandler
                0x0000000008001860                EXTI1_IRQHandler
                0x0000000008001860                USART2_IRQHandler
                0x0000000008001860                I2C2_ER_IRQHandler
                0x0000000008001860                DMA2_Stream1_IRQHandler
                0x0000000008001860                CAN1_SCE_IRQHandler
                0x0000000008001860                FLASH_IRQHandler
                0x0000000008001860                DMA2_Stream4_IRQHandler
                0x0000000008001860                BusFault_Handler
                0x0000000008001860                USART1_IRQHandler
                0x0000000008001860                OTG_FS_IRQHandler
                0x0000000008001860                SPI3_IRQHandler
                0x0000000008001860                DMA1_Stream4_IRQHandler
                0x0000000008001860                I2C1_ER_IRQHandler
                0x0000000008001860                DMA2_Stream6_IRQHandler
                0x0000000008001860                RTC_Alarm_IRQHandler
 .text.SystemInit
                0x0000000008001864       0x68 obj/App/STM32F4-Discovery/startup/system_stm32f4xx.o
                0x0000000008001864                SystemInit
 .text.SetSysClock
                0x00000000080018cc       0xf4 obj/App/STM32F4-Discovery/startup/system_stm32f4xx.o
 .text.xTaskGenericCreate
                0x00000000080019c0      0x168 obj/Source/tasks.o
                0x00000000080019c0                xTaskGenericCreate
 .text.vTaskDelayUntil
                0x0000000008001b28       0xb0 obj/Source/tasks.o
                0x0000000008001b28                vTaskDelayUntil
 .text.vTaskSuspend
                0x0000000008001bd8       0x90 obj/Source/tasks.o
                0x0000000008001bd8                vTaskSuspend
 .text.xTaskIsTaskSuspended
                0x0000000008001c68       0x64 obj/Source/tasks.o
                0x0000000008001c68                xTaskIsTaskSuspended
 .text.vTaskResume
                0x0000000008001ccc       0x9c obj/Source/tasks.o
                0x0000000008001ccc                vTaskResume
 .text.vTaskStartScheduler
                0x0000000008001d68       0x70 obj/Source/tasks.o
                0x0000000008001d68                vTaskStartScheduler
 .text.vTaskSuspendAll
                0x0000000008001dd8       0x1c obj/Source/tasks.o
                0x0000000008001dd8                vTaskSuspendAll
 .text.xTaskResumeAll
                0x0000000008001df4      0x10c obj/Source/tasks.o
                0x0000000008001df4                xTaskResumeAll
 .text.xTaskGetTickCount
                0x0000000008001f00       0x24 obj/Source/tasks.o
                0x0000000008001f00                xTaskGetTickCount
 .text.xTaskIncrementTick
                0x0000000008001f24      0x1ac obj/Source/tasks.o
                0x0000000008001f24                xTaskIncrementTick
 .text.vTaskSwitchContext
                0x00000000080020d0       0xf4 obj/Source/tasks.o
                0x00000000080020d0                vTaskSwitchContext
 .text.vTaskPlaceOnEventList
                0x00000000080021c4       0x6c obj/Source/tasks.o
                0x00000000080021c4                vTaskPlaceOnEventList
 .text.vTaskPlaceOnEventListRestricted
                0x0000000008002230       0x50 obj/Source/tasks.o
                0x0000000008002230                vTaskPlaceOnEventListRestricted
 .text.xTaskRemoveFromEventList
                0x0000000008002280       0xb8 obj/Source/tasks.o
                0x0000000008002280                xTaskRemoveFromEventList
 .text.vTaskSetTimeOutState
                0x0000000008002338       0x34 obj/Source/tasks.o
                0x0000000008002338                vTaskSetTimeOutState
 .text.xTaskCheckForTimeOut
                0x000000000800236c       0xa0 obj/Source/tasks.o
                0x000000000800236c                xTaskCheckForTimeOut
 .text.vTaskMissedYield
                0x000000000800240c       0x18 obj/Source/tasks.o
                0x000000000800240c                vTaskMissedYield
 .text.prvIdleTask
                0x0000000008002424       0x24 obj/Source/tasks.o
 .text.prvInitialiseTCBVariables
                0x0000000008002448       0x90 obj/Source/tasks.o
 .text.prvInitialiseTaskLists
                0x00000000080024d8       0x7c obj/Source/tasks.o
 .text.prvCheckTasksWaitingTermination
                0x0000000008002554       0x74 obj/Source/tasks.o
 .text.prvAddCurrentTaskToDelayedList
                0x00000000080025c8       0x6c obj/Source/tasks.o
 .text.prvAllocateTCBAndStack
                0x0000000008002634       0x64 obj/Source/tasks.o
 .text.prvDeleteTCB
                0x0000000008002698       0x20 obj/Source/tasks.o
 .text.xTaskGetCurrentTaskHandle
                0x00000000080026b8       0x20 obj/Source/tasks.o
                0x00000000080026b8                xTaskGetCurrentTaskHandle
 .text.xTaskGetSchedulerState
                0x00000000080026d8       0x3c obj/Source/tasks.o
                0x00000000080026d8                xTaskGetSchedulerState
 .text.vTaskPriorityInherit
                0x0000000008002714       0xb4 obj/Source/tasks.o
                0x0000000008002714                vTaskPriorityInherit
 .text.vTaskPriorityDisinherit
                0x00000000080027c8       0x7c obj/Source/tasks.o
                0x00000000080027c8                vTaskPriorityDisinherit
 .text.xQueueGenericReset
                0x0000000008002844       0xb0 obj/Source/queue.o
                0x0000000008002844                xQueueGenericReset
 .text.xQueueGenericCreate
                0x00000000080028f4       0x84 obj/Source/queue.o
                0x00000000080028f4                xQueueGenericCreate
 .text.xQueueGenericSend
                0x0000000008002978      0x160 obj/Source/queue.o
                0x0000000008002978                xQueueGenericSend
 .text.xQueueGenericSendFromISR
                0x0000000008002ad8       0xd4 obj/Source/queue.o
                0x0000000008002ad8                xQueueGenericSendFromISR
 .text.xQueueGenericReceive
                0x0000000008002bac      0x19c obj/Source/queue.o
                0x0000000008002bac                xQueueGenericReceive
 .text.prvCopyDataToQueue
                0x0000000008002d48       0xd0 obj/Source/queue.o
 .text.prvCopyDataFromQueue
                0x0000000008002e18       0x4c obj/Source/queue.o
 .text.prvUnlockQueue
                0x0000000008002e64       0x98 obj/Source/queue.o
 .text.prvIsQueueEmpty
                0x0000000008002efc       0x2c obj/Source/queue.o
 .text.prvIsQueueFull
                0x0000000008002f28       0x30 obj/Source/queue.o
 .text.vQueueWaitForMessageRestricted
                0x0000000008002f58       0x58 obj/Source/queue.o
                0x0000000008002f58                vQueueWaitForMessageRestricted
 .text.vListInitialise
                0x0000000008002fb0       0x40 obj/Source/list.o
                0x0000000008002fb0                vListInitialise
 .text.vListInitialiseItem
                0x0000000008002ff0       0x18 obj/Source/list.o
                0x0000000008002ff0                vListInitialiseItem
 .text.vListInsertEnd
                0x0000000008003008       0x48 obj/Source/list.o
                0x0000000008003008                vListInsertEnd
 .text.vListInsert
                0x0000000008003050       0x70 obj/Source/list.o
                0x0000000008003050                vListInsert
 .text.uxListRemove
                0x00000000080030c0       0x54 obj/Source/list.o
                0x00000000080030c0                uxListRemove
 .text.pxPortInitialiseStack
                0x0000000008003114       0x64 obj/Source/portable/GCC/ARM_CM4F/port.o
                0x0000000008003114                pxPortInitialiseStack
 .text.prvTaskExitError
                0x0000000008003178       0x20 obj/Source/portable/GCC/ARM_CM4F/port.o
 .text.SVC_Handler
                0x0000000008003198       0x1c obj/Source/portable/GCC/ARM_CM4F/port.o
                0x0000000008003198                SVC_Handler
 .text.prvPortStartFirstTask
                0x00000000080031b4       0x14 obj/Source/portable/GCC/ARM_CM4F/port.o
 .text.xPortStartScheduler
                0x00000000080031c8       0xcc obj/Source/portable/GCC/ARM_CM4F/port.o
                0x00000000080031c8                xPortStartScheduler
 .text.vPortYield
                0x0000000008003294       0x20 obj/Source/portable/GCC/ARM_CM4F/port.o
                0x0000000008003294                vPortYield
 .text.vPortEnterCritical
                0x00000000080032b4       0x20 obj/Source/portable/GCC/ARM_CM4F/port.o
                0x00000000080032b4                vPortEnterCritical
 .text.vPortExitCritical
                0x00000000080032d4       0x24 obj/Source/portable/GCC/ARM_CM4F/port.o
                0x00000000080032d4                vPortExitCritical
 .text.ulPortSetInterruptMask
                0x00000000080032f8       0x14 obj/Source/portable/GCC/ARM_CM4F/port.o
                0x00000000080032f8                ulPortSetInterruptMask
 .text.vPortClearInterruptMask
                0x000000000800330c        0x8 obj/Source/portable/GCC/ARM_CM4F/port.o
                0x000000000800330c                vPortClearInterruptMask
 .text.PendSV_Handler
                0x0000000008003314       0x50 obj/Source/portable/GCC/ARM_CM4F/port.o
                0x0000000008003314                PendSV_Handler
 .text.SysTick_Handler
                0x0000000008003364       0x28 obj/Source/portable/GCC/ARM_CM4F/port.o
                0x0000000008003364                SysTick_Handler
 .text.vPortSetupTimerInterrupt
                0x000000000800338c       0x34 obj/Source/portable/GCC/ARM_CM4F/port.o
                0x000000000800338c                vPortSetupTimerInterrupt
 .text.vPortEnableVFP
                0x00000000080033c0       0x14 obj/Source/portable/GCC/ARM_CM4F/port.o
 .text.vPortValidateInterruptPriority
                0x00000000080033d4       0x58 obj/Source/portable/GCC/ARM_CM4F/port.o
                0x00000000080033d4                vPortValidateInterruptPriority
 .text.xTimerCreateTimerTask
                0x000000000800342c       0x58 obj/Source/timers.o
                0x000000000800342c                xTimerCreateTimerTask
 .text.xTimerGenericCommand
                0x0000000008003484       0x8c obj/Source/timers.o
                0x0000000008003484                xTimerGenericCommand
 .text.prvProcessExpiredTimer
                0x0000000008003510       0x70 obj/Source/timers.o
 .text.prvTimerTask
                0x0000000008003580       0x24 obj/Source/timers.o
 .text.prvProcessTimerOrBlockTask
                0x00000000080035a4       0x6c obj/Source/timers.o
 .text.prvGetNextExpireTime
                0x0000000008003610       0x48 obj/Source/timers.o
 .text.prvSampleTimeNow
                0x0000000008003658       0x44 obj/Source/timers.o
 .text.prvInsertTimerInActiveList
                0x000000000800369c       0x84 obj/Source/timers.o
 .text.prvProcessReceivedCommands
                0x0000000008003720       0xf0 obj/Source/timers.o
 .text.prvSwitchTimerLists
                0x0000000008003810       0xb4 obj/Source/timers.o
 .text.prvCheckForValidListAndQueue
                0x00000000080038c4       0x54 obj/Source/timers.o
 .text.pvPortMalloc
                0x0000000008003918       0x98 obj/Source/portable/MemMang/heap_1.o
                0x0000000008003918                pvPortMalloc
 .text.vPortFree
                0x00000000080039b0       0x1c obj/Source/portable/MemMang/heap_1.o
                0x00000000080039b0                vPortFree
 .text.STM_EVAL_LEDInit
                0x00000000080039cc       0x5c obj/App/STM32F4-Discovery/board/stm32f4_discovery.o
                0x00000000080039cc                STM_EVAL_LEDInit
 .text.NVIC_PriorityGroupConfig
                0x0000000008003a28       0x54 obj/App/STM32F4-Discovery/Libraries/STM32F4xx_StdPeriph_Driver/src/misc.o
                0x0000000008003a28                NVIC_PriorityGroupConfig
 .text.NVIC_Init
                0x0000000008003a7c       0xf4 obj/App/STM32F4-Discovery/Libraries/STM32F4xx_StdPeriph_Driver/src/misc.o
                0x0000000008003a7c                NVIC_Init
 .text.DMA_DeInit
                0x0000000008003b70      0x22c obj/App/STM32F4-Discovery/Libraries/STM32F4xx_StdPeriph_Driver/src/stm32f4xx_dma.o
                0x0000000008003b70                DMA_DeInit
 .text.DMA_Init
                0x0000000008003d9c      0x388 obj/App/STM32F4-Discovery/Libraries/STM32F4xx_StdPeriph_Driver/src/stm32f4xx_dma.o
                0x0000000008003d9c                DMA_Init
 .text.DMA_StructInit
                0x0000000008004124       0x6c obj/App/STM32F4-Discovery/Libraries/STM32F4xx_StdPeriph_Driver/src/stm32f4xx_dma.o
                0x0000000008004124                DMA_StructInit
 .text.DMA_Cmd  0x0000000008004190      0x118 obj/App/STM32F4-Discovery/Libraries/STM32F4xx_StdPeriph_Driver/src/stm32f4xx_dma.o
                0x0000000008004190                DMA_Cmd
 .text.DMA_SetCurrDataCounter
                0x00000000080042a8       0xe8 obj/App/STM32F4-Discovery/Libraries/STM32F4xx_StdPeriph_Driver/src/stm32f4xx_dma.o
                0x00000000080042a8                DMA_SetCurrDataCounter
 .text.DMA_GetCmdStatus
                0x0000000008004390       0xfc obj/App/STM32F4-Discovery/Libraries/STM32F4xx_StdPeriph_Driver/src/stm32f4xx_dma.o
                0x0000000008004390                DMA_GetCmdStatus
 .text.DMA_ITConfig
                0x000000000800448c      0x16c obj/App/STM32F4-Discovery/Libraries/STM32F4xx_StdPeriph_Driver/src/stm32f4xx_dma.o
                0x000000000800448c                DMA_ITConfig
 .text.DMA_GetITStatus
                0x00000000080045f8      0x378 obj/App/STM32F4-Discovery/Libraries/STM32F4xx_StdPeriph_Driver/src/stm32f4xx_dma.o
                0x00000000080045f8                DMA_GetITStatus
 .text.DMA_ClearITPendingBit
                0x0000000008004970      0x158 obj/App/STM32F4-Discovery/Libraries/STM32F4xx_StdPeriph_Driver/src/stm32f4xx_dma.o
                0x0000000008004970                DMA_ClearITPendingBit
 .text.EXTI_Init
                0x0000000008004ac8      0x148 obj/App/STM32F4-Discovery/Libraries/STM32F4xx_StdPeriph_Driver/src/stm32f4xx_exti.o
                0x0000000008004ac8                EXTI_Init
 .text.EXTI_ClearFlag
                0x0000000008004c10       0x34 obj/App/STM32F4-Discovery/Libraries/STM32F4xx_StdPeriph_Driver/src/stm32f4xx_exti.o
                0x0000000008004c10                EXTI_ClearFlag
 .text.EXTI_GetITStatus
                0x0000000008004c44       0xfc obj/App/STM32F4-Discovery/Libraries/STM32F4xx_StdPeriph_Driver/src/stm32f4xx_exti.o
                0x0000000008004c44                EXTI_GetITStatus
 .text.EXTI_ClearITPendingBit
                0x0000000008004d40       0x38 obj/App/STM32F4-Discovery/Libraries/STM32F4xx_StdPeriph_Driver/src/stm32f4xx_exti.o
                0x0000000008004d40                EXTI_ClearITPendingBit
 .text.GPIO_Init
                0x0000000008004d78      0x22c obj/App/STM32F4-Discovery/Libraries/STM32F4xx_StdPeriph_Driver/src/stm32f4xx_gpio.o
                0x0000000008004d78                GPIO_Init
 .text.GPIO_PinAFConfig
                0x0000000008004fa4      0x250 obj/App/STM32F4-Discovery/Libraries/STM32F4xx_StdPeriph_Driver/src/stm32f4xx_gpio.o
                0x0000000008004fa4                GPIO_PinAFConfig
 .text.RCC_AHB1PeriphClockCmd
                0x00000000080051f4       0x70 obj/App/STM32F4-Discovery/Libraries/STM32F4xx_StdPeriph_Driver/src/stm32f4xx_rcc.o
                0x00000000080051f4                RCC_AHB1PeriphClockCmd
 .text.RCC_APB2PeriphClockCmd
                0x0000000008005264       0x70 obj/App/STM32F4-Discovery/Libraries/STM32F4xx_StdPeriph_Driver/src/stm32f4xx_rcc.o
                0x0000000008005264                RCC_APB2PeriphClockCmd
 .text.SPI_Init
                0x00000000080052d4      0x1e4 obj/App/STM32F4-Discovery/Libraries/STM32F4xx_StdPeriph_Driver/src/stm32f4xx_spi.o
                0x00000000080052d4                SPI_Init
 .text.SPI_Cmd  0x00000000080054b8       0x84 obj/App/STM32F4-Discovery/Libraries/STM32F4xx_StdPeriph_Driver/src/stm32f4xx_spi.o
                0x00000000080054b8                SPI_Cmd
 .text.SPI_I2S_DMACmd
                0x000000000800553c       0xbc obj/App/STM32F4-Discovery/Libraries/STM32F4xx_StdPeriph_Driver/src/stm32f4xx_spi.o
                0x000000000800553c                SPI_I2S_DMACmd
 .text.SPI_I2S_GetFlagStatus
                0x00000000080055f8       0xbc obj/App/STM32F4-Discovery/Libraries/STM32F4xx_StdPeriph_Driver/src/stm32f4xx_spi.o
                0x00000000080055f8                SPI_I2S_GetFlagStatus
 .text.SPI_I2S_ClearFlag
                0x00000000080056b4       0x74 obj/App/STM32F4-Discovery/Libraries/STM32F4xx_StdPeriph_Driver/src/stm32f4xx_spi.o
                0x00000000080056b4                SPI_I2S_ClearFlag
 .text.SYSCFG_EXTILineConfig
                0x0000000008005728      0x124 obj/App/STM32F4-Discovery/Libraries/STM32F4xx_StdPeriph_Driver/src/stm32f4xx_syscfg.o
                0x0000000008005728                SYSCFG_EXTILineConfig
 .text.__libc_init_array
                0x000000000800584c       0x50 /Users/maticknap/Downloads/gcc-arm-none-eabi-4_8-2014q2/bin/../lib/gcc/arm-none-eabi/4.8.4/../../../../arm-none-eabi/lib/armv7e-m/softfp/libc.a(lib_a-init.o)
                0x000000000800584c                __libc_init_array
 .text.memcmp   0x000000000800589c       0x68 /Users/maticknap/Downloads/gcc-arm-none-eabi-4_8-2014q2/bin/../lib/gcc/arm-none-eabi/4.8.4/../../../../arm-none-eabi/lib/armv7e-m/softfp/libc.a(lib_a-memcmp.o)
                0x000000000800589c                memcmp
 .text.memset   0x0000000008005904       0x94 /Users/maticknap/Downloads/gcc-arm-none-eabi-4_8-2014q2/bin/../lib/gcc/arm-none-eabi/4.8.4/../../../../arm-none-eabi/lib/armv7e-m/softfp/libc.a(lib_a-memset.o)
                0x0000000008005904                memset
 .text.strncmp  0x0000000008005998       0xb4 /Users/maticknap/Downloads/gcc-arm-none-eabi-4_8-2014q2/bin/../lib/gcc/arm-none-eabi/4.8.4/../../../../arm-none-eabi/lib/armv7e-m/softfp/libc.a(lib_a-strncmp.o)
                0x0000000008005998                strncmp
 .text.startup.register_fini
                0x0000000008005a4c       0x14 /Users/maticknap/Downloads/gcc-arm-none-eabi-4_8-2014q2/bin/../lib/gcc/arm-none-eabi/4.8.4/../../../../arm-none-eabi/lib/armv7e-m/softfp/libc.a(lib_a-__call_atexit.o)
 .text.atexit   0x0000000008005a60        0xc /Users/maticknap/Downloads/gcc-arm-none-eabi-4_8-2014q2/bin/../lib/gcc/arm-none-eabi/4.8.4/../../../../arm-none-eabi/lib/armv7e-m/softfp/libc.a(lib_a-atexit.o)
                0x0000000008005a60                atexit
 .text.__libc_fini_array
                0x0000000008005a6c       0x30 /Users/maticknap/Downloads/gcc-arm-none-eabi-4_8-2014q2/bin/../lib/gcc/arm-none-eabi/4.8.4/../../../../arm-none-eabi/lib/armv7e-m/softfp/libc.a(lib_a-fini.o)
                0x0000000008005a6c                __libc_fini_array
 .text.__register_exitproc
                0x0000000008005a9c       0xa8 /Users/maticknap/Downloads/gcc-arm-none-eabi-4_8-2014q2/bin/../lib/gcc/arm-none-eabi/4.8.4/../../../../arm-none-eabi/lib/armv7e-m/softfp/libc.a(lib_a-__atexit.o)
                0x0000000008005a9c                __register_exitproc
 *(.rodata)
 .rodata        0x0000000008005b44       0x50 obj/App/STM32F4-Discovery/main.o
 .rodata        0x0000000008005b94        0x8 obj/Source/tasks.o
 .rodata        0x0000000008005b9c        0x8 obj/Source/timers.o
 .rodata        0x0000000008005ba4       0x48 obj/App/STM32F4-Discovery/Libraries/STM32F4xx_StdPeriph_Driver/src/misc.o
 .rodata        0x0000000008005bec       0x50 obj/App/STM32F4-Discovery/Libraries/STM32F4xx_StdPeriph_Driver/src/stm32f4xx_dma.o
 .rodata        0x0000000008005c3c       0x50 obj/App/STM32F4-Discovery/Libraries/STM32F4xx_StdPeriph_Driver/src/stm32f4xx_exti.o
 .rodata        0x0000000008005c8c       0x50 obj/App/STM32F4-Discovery/Libraries/STM32F4xx_StdPeriph_Driver/src/stm32f4xx_gpio.o
 .rodata        0x0000000008005cdc       0x50 obj/App/STM32F4-Discovery/Libraries/STM32F4xx_StdPeriph_Driver/src/stm32f4xx_rcc.o
 .rodata        0x0000000008005d2c       0x50 obj/App/STM32F4-Discovery/Libraries/STM32F4xx_StdPeriph_Driver/src/stm32f4xx_spi.o
 .rodata        0x0000000008005d7c       0x54 obj/App/STM32F4-Discovery/Libraries/STM32F4xx_StdPeriph_Driver/src/stm32f4xx_syscfg.o
 *(.rodata*)
 .rodata.ucExpectedStackBytes.8478
                0x0000000008005dd0       0x14 obj/Source/tasks.o
 .rodata.GPIO_PIN
                0x0000000008005de4        0x8 obj/App/STM32F4-Discovery/board/stm32f4_discovery.o
                0x0000000008005de4                GPIO_PIN
 .rodata.GPIO_CLK
                0x0000000008005dec       0x10 obj/App/STM32F4-Discovery/board/stm32f4_discovery.o
                0x0000000008005dec                GPIO_CLK
 .rodata.str1.4
                0x0000000008005dfc        0x4 /Users/maticknap/Downloads/gcc-arm-none-eabi-4_8-2014q2/bin/../lib/gcc/arm-none-eabi/4.8.4/../../../../arm-none-eabi/lib/armv7e-m/softfp/libc.a(lib_a-impure.o)
 .rodata._global_impure_ptr
                0x0000000008005e00        0x4 /Users/maticknap/Downloads/gcc-arm-none-eabi-4_8-2014q2/bin/../lib/gcc/arm-none-eabi/4.8.4/../../../../arm-none-eabi/lib/armv7e-m/softfp/libc.a(lib_a-impure.o)
                0x0000000008005e00                _global_impure_ptr
 *(.glue_7)
 .glue_7        0x0000000000000000        0x0 linker stubs
 *(.glue_7t)
 .glue_7t       0x0000000000000000        0x0 linker stubs
 *(.eh_frame)
 .eh_frame      0x0000000008005e04        0x0 /Users/maticknap/Downloads/gcc-arm-none-eabi-4_8-2014q2/bin/../lib/gcc/arm-none-eabi/4.8.4/armv7e-m/softfp/crtbegin.o
 *(.init)
 .init          0x0000000008005e04        0x4 /Users/maticknap/Downloads/gcc-arm-none-eabi-4_8-2014q2/bin/../lib/gcc/arm-none-eabi/4.8.4/armv7e-m/softfp/crti.o
                0x0000000008005e04                _init
 .init          0x0000000008005e08        0x8 /Users/maticknap/Downloads/gcc-arm-none-eabi-4_8-2014q2/bin/../lib/gcc/arm-none-eabi/4.8.4/armv7e-m/softfp/crtn.o
 *(.fini)
 .fini          0x0000000008005e10        0x4 /Users/maticknap/Downloads/gcc-arm-none-eabi-4_8-2014q2/bin/../lib/gcc/arm-none-eabi/4.8.4/armv7e-m/softfp/crti.o
                0x0000000008005e10                _fini
 .fini          0x0000000008005e14        0x8 /Users/maticknap/Downloads/gcc-arm-none-eabi-4_8-2014q2/bin/../lib/gcc/arm-none-eabi/4.8.4/armv7e-m/softfp/crtn.o
                0x0000000008005e1c                . = ALIGN (0x4)
                0x0000000008005e1c                _etext = .

.vfp11_veneer   0x0000000008005e1c        0x0
 .vfp11_veneer  0x0000000000000000        0x0 linker stubs

.v4_bx          0x0000000008005e1c        0x0
 .v4_bx         0x0000000000000000        0x0 linker stubs

.iplt           0x0000000008005e1c        0x0
 .iplt          0x0000000000000000        0x0 /Users/maticknap/Downloads/gcc-arm-none-eabi-4_8-2014q2/bin/../lib/gcc/arm-none-eabi/4.8.4/armv7e-m/softfp/crtbegin.o

.rel.dyn        0x0000000008005e1c        0x0
 .rel.iplt      0x0000000000000000        0x0 /Users/maticknap/Downloads/gcc-arm-none-eabi-4_8-2014q2/bin/../lib/gcc/arm-none-eabi/4.8.4/armv7e-m/softfp/crtbegin.o

.ARM.extab
 *(.ARM.extab* .gnu.linkonce.armextab.*)

.ARM            0x0000000008005e1c        0x0
                0x0000000008005e1c                __exidx_start = .
 *(.ARM.exidx*)
                0x0000000008005e1c                __exidx_end = .

.preinit_array  0x0000000008005e1c        0x0
                0x0000000008005e1c                PROVIDE (__preinit_array_start, .)
 *(.preinit_array*)
                0x0000000008005e1c                PROVIDE (__preinit_array_end, .)

.init_array     0x0000000008005e1c        0x8
                0x0000000008005e1c                PROVIDE (__init_array_start, .)
 *(SORT(.init_array.*))
 .init_array.00000
                0x0000000008005e1c        0x4 /Users/maticknap/Downloads/gcc-arm-none-eabi-4_8-2014q2/bin/../lib/gcc/arm-none-eabi/4.8.4/../../../../arm-none-eabi/lib/armv7e-m/softfp/libc.a(lib_a-__call_atexit.o)
 *(.init_array*)
 .init_array    0x0000000008005e20        0x4 /Users/maticknap/Downloads/gcc-arm-none-eabi-4_8-2014q2/bin/../lib/gcc/arm-none-eabi/4.8.4/armv7e-m/softfp/crtbegin.o
                0x0000000008005e24                PROVIDE (__init_array_end, .)

.fini_array     0x0000000008005e24        0x4
                0x0000000008005e24                PROVIDE (__fini_array_start, .)
 *(.fini_array*)
 .fini_array    0x0000000008005e24        0x4 /Users/maticknap/Downloads/gcc-arm-none-eabi-4_8-2014q2/bin/../lib/gcc/arm-none-eabi/4.8.4/armv7e-m/softfp/crtbegin.o
 *(SORT(.fini_array.*))
                0x0000000008005e28                PROVIDE (__fini_array_end, .)
                0x0000000008005e28                _sidata = .

.data           0x0000000020000000      0x448 load address 0x0000000008005e28
                0x0000000020000000                . = ALIGN (0x4)
                0x0000000020000000                _sdata = .
 *(.data)
 *(.data*)
 .data.SystemCoreClock
                0x0000000020000000        0x4 obj/App/STM32F4-Discovery/startup/system_stm32f4xx.o
                0x0000000020000000                SystemCoreClock
 .data.xNextTaskUnblockTime
                0x0000000020000004        0x4 obj/Source/tasks.o
 .data.uxCriticalNesting
                0x0000000020000008        0x4 obj/Source/portable/GCC/ARM_CM4F/port.o
 .data.GPIO_PORT
                0x000000002000000c       0x10 obj/App/STM32F4-Discovery/board/stm32f4_discovery.o
                0x000000002000000c                GPIO_PORT
 *fill*         0x000000002000001c        0x4 
 .data.impure_data
                0x0000000020000020      0x428 /Users/maticknap/Downloads/gcc-arm-none-eabi-4_8-2014q2/bin/../lib/gcc/arm-none-eabi/4.8.4/../../../../arm-none-eabi/lib/armv7e-m/softfp/libc.a(lib_a-impure.o)
                0x0000000020000448                . = ALIGN (0x4)
                0x0000000020000448                _edata = .

.jcr            0x0000000020000448        0x0 load address 0x0000000008006270
 .jcr           0x0000000020000448        0x0 /Users/maticknap/Downloads/gcc-arm-none-eabi-4_8-2014q2/bin/../lib/gcc/arm-none-eabi/4.8.4/armv7e-m/softfp/crtbegin.o

.igot.plt       0x0000000020000448        0x0 load address 0x0000000008006270
 .igot.plt      0x0000000000000000        0x0 /Users/maticknap/Downloads/gcc-arm-none-eabi-4_8-2014q2/bin/../lib/gcc/arm-none-eabi/4.8.4/armv7e-m/softfp/crtbegin.o
                0x0000000020000448                . = ALIGN (0x4)

.bss            0x0000000020000448    0x13d30 load address 0x0000000008006270
                0x0000000020000448                _sbss = .
                0x0000000020000448                __bss_start__ = _sbss
 *(.bss)
 .bss           0x0000000020000448       0x1c /Users/maticknap/Downloads/gcc-arm-none-eabi-4_8-2014q2/bin/../lib/gcc/arm-none-eabi/4.8.4/armv7e-m/softfp/crtbegin.o
 *(.bss*)
 .bss.xHigherPriorityTaskWoken
                0x0000000020000464        0x4 obj/App/STM32F4-Discovery/spi.o
 .bss.socket_flg
                0x0000000020000468        0x8 obj/App/STM32F4-Discovery/W5200.o
 .bss.ulFPUInterruptNesting
                0x0000000020000470        0x4 obj/App/STM32F4-Discovery/main.o
                0x0000000020000470                ulFPUInterruptNesting
 .bss.ulMaxFPUInterruptNesting
                0x0000000020000474        0x4 obj/App/STM32F4-Discovery/main.o
                0x0000000020000474                ulMaxFPUInterruptNesting
 .bss.xTestSemaphore
                0x0000000020000478        0x4 obj/App/STM32F4-Discovery/main.o
 .bss.pxCurrentTCB
                0x000000002000047c        0x4 obj/Source/tasks.o
                0x000000002000047c                pxCurrentTCB
 .bss.pxReadyTasksLists
                0x0000000020000480       0x64 obj/Source/tasks.o
 .bss.xDelayedTaskList1
                0x00000000200004e4       0x14 obj/Source/tasks.o
 .bss.xDelayedTaskList2
                0x00000000200004f8       0x14 obj/Source/tasks.o
 .bss.pxDelayedTaskList
                0x000000002000050c        0x4 obj/Source/tasks.o
 .bss.pxOverflowDelayedTaskList
                0x0000000020000510        0x4 obj/Source/tasks.o
 .bss.xPendingReadyList
                0x0000000020000514       0x14 obj/Source/tasks.o
 .bss.xTasksWaitingTermination
                0x0000000020000528       0x14 obj/Source/tasks.o
 .bss.uxTasksDeleted
                0x000000002000053c        0x4 obj/Source/tasks.o
 .bss.xSuspendedTaskList
                0x0000000020000540       0x14 obj/Source/tasks.o
 .bss.uxCurrentNumberOfTasks
                0x0000000020000554        0x4 obj/Source/tasks.o
 .bss.xTickCount
                0x0000000020000558        0x4 obj/Source/tasks.o
 .bss.uxTopReadyPriority
                0x000000002000055c        0x4 obj/Source/tasks.o
 .bss.xSchedulerRunning
                0x0000000020000560        0x4 obj/Source/tasks.o
 .bss.uxSchedulerSuspended
                0x0000000020000564        0x4 obj/Source/tasks.o
 .bss.uxPendedTicks
                0x0000000020000568        0x4 obj/Source/tasks.o
 .bss.xYieldPending
                0x000000002000056c        0x4 obj/Source/tasks.o
 .bss.xNumOfOverflows
                0x0000000020000570        0x4 obj/Source/tasks.o
 .bss.uxTaskNumber
                0x0000000020000574        0x4 obj/Source/tasks.o
 .bss.ucMaxSysCallPriority
                0x0000000020000578        0x1 obj/Source/portable/GCC/ARM_CM4F/port.o
 *fill*         0x0000000020000579        0x3 
 .bss.ulMaxPRIGROUPValue
                0x000000002000057c        0x4 obj/Source/portable/GCC/ARM_CM4F/port.o
 .bss.xActiveTimerList1
                0x0000000020000580       0x14 obj/Source/timers.o
 .bss.xActiveTimerList2
                0x0000000020000594       0x14 obj/Source/timers.o
 .bss.pxCurrentTimerList
                0x00000000200005a8        0x4 obj/Source/timers.o
 .bss.pxOverflowTimerList
                0x00000000200005ac        0x4 obj/Source/timers.o
 .bss.xTimerQueue
                0x00000000200005b0        0x4 obj/Source/timers.o
 .bss.xLastTime.8311
                0x00000000200005b4        0x4 obj/Source/timers.o
 .bss.ucHeap    0x00000000200005b8    0x12c00 obj/Source/portable/MemMang/heap_1.o
 .bss.xNextFreeByte
                0x00000000200131b8        0x4 obj/Source/portable/MemMang/heap_1.o
 .bss.pucAlignedHeap.8093
                0x00000000200131bc        0x4 obj/Source/portable/MemMang/heap_1.o
 *(COMMON)
 COMMON         0x00000000200131c0      0xfb8 obj/App/STM32F4-Discovery/spi.o
                0x00000000200131c0                xSemaphoreDMASPI
                0x00000000200131c4                set_macTaskHandle
                0x00000000200131c8                bufferRXidx
                0x00000000200131cc                bufferRX
                0x000000002001399c                dat_lengthRX
                0x00000000200139a0                bufferTX
                0x0000000020014170                bufferTXidx
                0x0000000020014174                dat_lengthTX
                0x0000000020014178                . = ALIGN (0x4)
                0x0000000020014178                _ebss = .
                0x0000000020014178                __bss_end__ = _ebss

._user_heap_stack
                0x0000000020014178      0x400 load address 0x0000000008019fa0
                0x0000000020014178                . = ALIGN (0x4)
                0x0000000020014178                PROVIDE (end, .)
                0x0000000020014178                PROVIDE (_end, .)
                0x0000000020014178                . = (. + _Min_Heap_Size)
                0x0000000020014578                . = (. + _Min_Stack_Size)
 *fill*         0x0000000020014178      0x400 
                0x0000000020014578                . = ALIGN (0x4)

.memory_b1_text
 *(.mb1text)
 *(.mb1text*)
 *(.mb1rodata)
 *(.mb1rodata*)

/DISCARD/
 libc.a(*)
 libm.a(*)
 libgcc.a(*)

.ARM.attributes
                0x0000000000000000       0x2e
 *(.ARM.attributes)
 .ARM.attributes
                0x0000000000000000       0x22 /Users/maticknap/Downloads/gcc-arm-none-eabi-4_8-2014q2/bin/../lib/gcc/arm-none-eabi/4.8.4/armv7e-m/softfp/crti.o
 .ARM.attributes
                0x0000000000000022       0x32 /Users/maticknap/Downloads/gcc-arm-none-eabi-4_8-2014q2/bin/../lib/gcc/arm-none-eabi/4.8.4/armv7e-m/softfp/crtbegin.o
 .ARM.attributes
                0x0000000000000054       0x37 obj/App/STM32F4-Discovery/spi.o
 .ARM.attributes
                0x000000000000008b       0x37 obj/App/STM32F4-Discovery/W5200.o
 .ARM.attributes
                0x00000000000000c2       0x37 obj/App/STM32F4-Discovery/main.o
 .ARM.attributes
                0x00000000000000f9       0x37 obj/App/STM32F4-Discovery/ParTest.o
 .ARM.attributes
                0x0000000000000130       0x21 obj/App/STM32F4-Discovery/startup/startup_stm32f4xx.o
 .ARM.attributes
                0x0000000000000151       0x37 obj/App/STM32F4-Discovery/startup/system_stm32f4xx.o
 .ARM.attributes
                0x0000000000000188       0x37 obj/Source/tasks.o
 .ARM.attributes
                0x00000000000001bf       0x37 obj/Source/queue.o
 .ARM.attributes
                0x00000000000001f6       0x37 obj/Source/list.o
 .ARM.attributes
                0x000000000000022d       0x37 obj/Source/portable/GCC/ARM_CM4F/port.o
 .ARM.attributes
                0x0000000000000264       0x37 obj/Source/timers.o
 .ARM.attributes
                0x000000000000029b       0x37 obj/Source/portable/MemMang/heap_1.o
 .ARM.attributes
                0x00000000000002d2       0x37 obj/App/STM32F4-Discovery/board/stm32f4_discovery.o
 .ARM.attributes
                0x0000000000000309       0x37 obj/App/STM32F4-Discovery/Libraries/STM32F4xx_StdPeriph_Driver/src/misc.o
 .ARM.attributes
                0x0000000000000340       0x37 obj/App/STM32F4-Discovery/Libraries/STM32F4xx_StdPeriph_Driver/src/stm32f4xx_dma.o
 .ARM.attributes
                0x0000000000000377       0x37 obj/App/STM32F4-Discovery/Libraries/STM32F4xx_StdPeriph_Driver/src/stm32f4xx_exti.o
 .ARM.attributes
                0x00000000000003ae       0x37 obj/App/STM32F4-Discovery/Libraries/STM32F4xx_StdPeriph_Driver/src/stm32f4xx_gpio.o
 .ARM.attributes
                0x00000000000003e5       0x37 obj/App/STM32F4-Discovery/Libraries/STM32F4xx_StdPeriph_Driver/src/stm32f4xx_rcc.o
 .ARM.attributes
                0x000000000000041c       0x37 obj/App/STM32F4-Discovery/Libraries/STM32F4xx_StdPeriph_Driver/src/stm32f4xx_spi.o
 .ARM.attributes
                0x0000000000000453       0x37 obj/App/STM32F4-Discovery/Libraries/STM32F4xx_StdPeriph_Driver/src/stm32f4xx_syscfg.o
 .ARM.attributes
                0x000000000000048a       0x32 /Users/maticknap/Downloads/gcc-arm-none-eabi-4_8-2014q2/bin/../lib/gcc/arm-none-eabi/4.8.4/../../../../arm-none-eabi/lib/armv7e-m/softfp/libc.a(lib_a-impure.o)
 .ARM.attributes
                0x00000000000004bc       0x32 /Users/maticknap/Downloads/gcc-arm-none-eabi-4_8-2014q2/bin/../lib/gcc/arm-none-eabi/4.8.4/../../../../arm-none-eabi/lib/armv7e-m/softfp/libc.a(lib_a-init.o)
 .ARM.attributes
                0x00000000000004ee       0x32 /Users/maticknap/Downloads/gcc-arm-none-eabi-4_8-2014q2/bin/../lib/gcc/arm-none-eabi/4.8.4/../../../../arm-none-eabi/lib/armv7e-m/softfp/libc.a(lib_a-memcmp.o)
 .ARM.attributes
                0x0000000000000520       0x20 /Users/maticknap/Downloads/gcc-arm-none-eabi-4_8-2014q2/bin/../lib/gcc/arm-none-eabi/4.8.4/../../../../arm-none-eabi/lib/armv7e-m/softfp/libc.a(lib_a-memcpy.o)
 .ARM.attributes
                0x0000000000000540       0x32 /Users/maticknap/Downloads/gcc-arm-none-eabi-4_8-2014q2/bin/../lib/gcc/arm-none-eabi/4.8.4/../../../../arm-none-eabi/lib/armv7e-m/softfp/libc.a(lib_a-memset.o)
 .ARM.attributes
                0x0000000000000572       0x32 /Users/maticknap/Downloads/gcc-arm-none-eabi-4_8-2014q2/bin/../lib/gcc/arm-none-eabi/4.8.4/../../../../arm-none-eabi/lib/armv7e-m/softfp/libc.a(lib_a-strncmp.o)
 .ARM.attributes
                0x00000000000005a4       0x32 /Users/maticknap/Downloads/gcc-arm-none-eabi-4_8-2014q2/bin/../lib/gcc/arm-none-eabi/4.8.4/../../../../arm-none-eabi/lib/armv7e-m/softfp/libc.a(lib_a-__call_atexit.o)
 .ARM.attributes
                0x00000000000005d6       0x32 /Users/maticknap/Downloads/gcc-arm-none-eabi-4_8-2014q2/bin/../lib/gcc/arm-none-eabi/4.8.4/../../../../arm-none-eabi/lib/armv7e-m/softfp/libc.a(lib_a-atexit.o)
 .ARM.attributes
                0x0000000000000608       0x32 /Users/maticknap/Downloads/gcc-arm-none-eabi-4_8-2014q2/bin/../lib/gcc/arm-none-eabi/4.8.4/../../../../arm-none-eabi/lib/armv7e-m/softfp/libc.a(lib_a-fini.o)
 .ARM.attributes
                0x000000000000063a       0x32 /Users/maticknap/Downloads/gcc-arm-none-eabi-4_8-2014q2/bin/../lib/gcc/arm-none-eabi/4.8.4/../../../../arm-none-eabi/lib/armv7e-m/softfp/libc.a(lib_a-__atexit.o)
 .ARM.attributes
                0x000000000000066c       0x22 /Users/maticknap/Downloads/gcc-arm-none-eabi-4_8-2014q2/bin/../lib/gcc/arm-none-eabi/4.8.4/armv7e-m/softfp/crtn.o
OUTPUT(obj/STM32F4_Test.elf elf32-littlearm)

.debug_info     0x0000000000000000     0x93b7
 .debug_info    0x0000000000000000      0xe51 obj/App/STM32F4-Discovery/spi.o
 .debug_info    0x0000000000000e51      0x9e8 obj/App/STM32F4-Discovery/W5200.o
 .debug_info    0x0000000000001839      0x9fb obj/App/STM32F4-Discovery/main.o
 .debug_info    0x0000000000002234      0x168 obj/App/STM32F4-Discovery/ParTest.o
 .debug_info    0x000000000000239c      0x625 obj/App/STM32F4-Discovery/startup/system_stm32f4xx.o
 .debug_info    0x00000000000029c1     0x1196 obj/Source/tasks.o
 .debug_info    0x0000000000003b57      0xc05 obj/Source/queue.o
 .debug_info    0x000000000000475c      0x2d7 obj/Source/list.o
 .debug_info    0x0000000000004a33      0x379 obj/Source/portable/GCC/ARM_CM4F/port.o
 .debug_info    0x0000000000004dac      0x78b obj/Source/timers.o
 .debug_info    0x0000000000005537      0x1a7 obj/Source/portable/MemMang/heap_1.o
 .debug_info    0x00000000000056de      0x8ea obj/App/STM32F4-Discovery/board/stm32f4_discovery.o
 .debug_info    0x0000000000005fc8      0x5b7 obj/App/STM32F4-Discovery/Libraries/STM32F4xx_StdPeriph_Driver/src/misc.o
 .debug_info    0x000000000000657f      0x7ea obj/App/STM32F4-Discovery/Libraries/STM32F4xx_StdPeriph_Driver/src/stm32f4xx_dma.o
 .debug_info    0x0000000000006d69      0x3b9 obj/App/STM32F4-Discovery/Libraries/STM32F4xx_StdPeriph_Driver/src/stm32f4xx_exti.o
 .debug_info    0x0000000000007122      0x670 obj/App/STM32F4-Discovery/Libraries/STM32F4xx_StdPeriph_Driver/src/stm32f4xx_gpio.o
 .debug_info    0x0000000000007792      0xd79 obj/App/STM32F4-Discovery/Libraries/STM32F4xx_StdPeriph_Driver/src/stm32f4xx_rcc.o
 .debug_info    0x000000000000850b      0xc0e obj/App/STM32F4-Discovery/Libraries/STM32F4xx_StdPeriph_Driver/src/stm32f4xx_spi.o
 .debug_info    0x0000000000009119      0x29e obj/App/STM32F4-Discovery/Libraries/STM32F4xx_StdPeriph_Driver/src/stm32f4xx_syscfg.o

.debug_abbrev   0x0000000000000000     0x1d9e
 .debug_abbrev  0x0000000000000000      0x1e1 obj/App/STM32F4-Discovery/spi.o
 .debug_abbrev  0x00000000000001e1      0x1ec obj/App/STM32F4-Discovery/W5200.o
 .debug_abbrev  0x00000000000003cd      0x227 obj/App/STM32F4-Discovery/main.o
 .debug_abbrev  0x00000000000005f4       0xd0 obj/App/STM32F4-Discovery/ParTest.o
 .debug_abbrev  0x00000000000006c4      0x13a obj/App/STM32F4-Discovery/startup/system_stm32f4xx.o
 .debug_abbrev  0x00000000000007fe      0x232 obj/Source/tasks.o
 .debug_abbrev  0x0000000000000a30      0x1dc obj/Source/queue.o
 .debug_abbrev  0x0000000000000c0c       0xda obj/Source/list.o
 .debug_abbrev  0x0000000000000ce6      0x1e0 obj/Source/portable/GCC/ARM_CM4F/port.o
 .debug_abbrev  0x0000000000000ec6      0x188 obj/Source/timers.o
 .debug_abbrev  0x000000000000104e      0x122 obj/Source/portable/MemMang/heap_1.o
 .debug_abbrev  0x0000000000001170      0x187 obj/App/STM32F4-Discovery/board/stm32f4_discovery.o
 .debug_abbrev  0x00000000000012f7      0x12b obj/App/STM32F4-Discovery/Libraries/STM32F4xx_StdPeriph_Driver/src/misc.o
 .debug_abbrev  0x0000000000001422      0x173 obj/App/STM32F4-Discovery/Libraries/STM32F4xx_StdPeriph_Driver/src/stm32f4xx_dma.o
 .debug_abbrev  0x0000000000001595      0x1c3 obj/App/STM32F4-Discovery/Libraries/STM32F4xx_StdPeriph_Driver/src/stm32f4xx_exti.o
 .debug_abbrev  0x0000000000001758      0x1a7 obj/App/STM32F4-Discovery/Libraries/STM32F4xx_StdPeriph_Driver/src/stm32f4xx_gpio.o
 .debug_abbrev  0x00000000000018ff      0x1e5 obj/App/STM32F4-Discovery/Libraries/STM32F4xx_StdPeriph_Driver/src/stm32f4xx_rcc.o
 .debug_abbrev  0x0000000000001ae4      0x185 obj/App/STM32F4-Discovery/Libraries/STM32F4xx_StdPeriph_Driver/src/stm32f4xx_spi.o
 .debug_abbrev  0x0000000000001c69      0x135 obj/App/STM32F4-Discovery/Libraries/STM32F4xx_StdPeriph_Driver/src/stm32f4xx_syscfg.o

.debug_loc      0x0000000000000000     0x3dca
 .debug_loc     0x0000000000000000      0x2ee obj/App/STM32F4-Discovery/spi.o
 .debug_loc     0x00000000000002ee      0x536 obj/App/STM32F4-Discovery/W5200.o
 .debug_loc     0x0000000000000824      0x33a obj/App/STM32F4-Discovery/main.o
 .debug_loc     0x0000000000000b5e       0x9c obj/App/STM32F4-Discovery/ParTest.o
 .debug_loc     0x0000000000000bfa       0x9c obj/App/STM32F4-Discovery/startup/system_stm32f4xx.o
 .debug_loc     0x0000000000000c96      0x8c8 obj/Source/tasks.o
 .debug_loc     0x000000000000155e      0x620 obj/Source/queue.o
 .debug_loc     0x0000000000001b7e      0x118 obj/Source/list.o
 .debug_loc     0x0000000000001c96      0x1dc obj/Source/portable/GCC/ARM_CM4F/port.o
 .debug_loc     0x0000000000001e72      0x304 obj/Source/timers.o
 .debug_loc     0x0000000000002176       0xc8 obj/Source/portable/MemMang/heap_1.o
 .debug_loc     0x000000000000223e      0x150 obj/App/STM32F4-Discovery/board/stm32f4_discovery.o
 .debug_loc     0x000000000000238e      0x118 obj/App/STM32F4-Discovery/Libraries/STM32F4xx_StdPeriph_Driver/src/misc.o
 .debug_loc     0x00000000000024a6      0x428 obj/App/STM32F4-Discovery/Libraries/STM32F4xx_StdPeriph_Driver/src/stm32f4xx_dma.o
 .debug_loc     0x00000000000028ce      0x1b4 obj/App/STM32F4-Discovery/Libraries/STM32F4xx_StdPeriph_Driver/src/stm32f4xx_exti.o
 .debug_loc     0x0000000000002a82      0x310 obj/App/STM32F4-Discovery/Libraries/STM32F4xx_StdPeriph_Driver/src/stm32f4xx_gpio.o
 .debug_loc     0x0000000000002d92      0x97c obj/App/STM32F4-Discovery/Libraries/STM32F4xx_StdPeriph_Driver/src/stm32f4xx_rcc.o
 .debug_loc     0x000000000000370e      0x578 obj/App/STM32F4-Discovery/Libraries/STM32F4xx_StdPeriph_Driver/src/stm32f4xx_spi.o
 .debug_loc     0x0000000000003c86      0x144 obj/App/STM32F4-Discovery/Libraries/STM32F4xx_StdPeriph_Driver/src/stm32f4xx_syscfg.o

.debug_aranges  0x0000000000000000      0xb00
 .debug_aranges
                0x0000000000000000       0x88 obj/App/STM32F4-Discovery/spi.o
 .debug_aranges
                0x0000000000000088       0xd8 obj/App/STM32F4-Discovery/W5200.o
 .debug_aranges
                0x0000000000000160       0x98 obj/App/STM32F4-Discovery/main.o
 .debug_aranges
                0x00000000000001f8       0x30 obj/App/STM32F4-Discovery/ParTest.o
 .debug_aranges
                0x0000000000000228       0x30 obj/App/STM32F4-Discovery/startup/system_stm32f4xx.o
 .debug_aranges
                0x0000000000000258      0x160 obj/Source/tasks.o
 .debug_aranges
                0x00000000000003b8       0xf8 obj/Source/queue.o
 .debug_aranges
                0x00000000000004b0       0x40 obj/Source/list.o
 .debug_aranges
                0x00000000000004f0       0x98 obj/Source/portable/GCC/ARM_CM4F/port.o
 .debug_aranges
                0x0000000000000588       0x88 obj/Source/timers.o
 .debug_aranges
                0x0000000000000610       0x38 obj/Source/portable/MemMang/heap_1.o
 .debug_aranges
                0x0000000000000648       0x48 obj/App/STM32F4-Discovery/board/stm32f4_discovery.o
 .debug_aranges
                0x0000000000000690       0x40 obj/App/STM32F4-Discovery/Libraries/STM32F4xx_StdPeriph_Driver/src/misc.o
 .debug_aranges
                0x00000000000006d0       0xb0 obj/App/STM32F4-Discovery/Libraries/STM32F4xx_StdPeriph_Driver/src/stm32f4xx_dma.o
 .debug_aranges
                0x0000000000000780       0x58 obj/App/STM32F4-Discovery/Libraries/STM32F4xx_StdPeriph_Driver/src/stm32f4xx_exti.o
 .debug_aranges
                0x00000000000007d8       0x88 obj/App/STM32F4-Discovery/Libraries/STM32F4xx_StdPeriph_Driver/src/stm32f4xx_gpio.o
 .debug_aranges
                0x0000000000000860      0x178 obj/App/STM32F4-Discovery/Libraries/STM32F4xx_StdPeriph_Driver/src/stm32f4xx_rcc.o
 .debug_aranges
                0x00000000000009d8       0xe0 obj/App/STM32F4-Discovery/Libraries/STM32F4xx_StdPeriph_Driver/src/stm32f4xx_spi.o
 .debug_aranges
                0x0000000000000ab8       0x48 obj/App/STM32F4-Discovery/Libraries/STM32F4xx_StdPeriph_Driver/src/stm32f4xx_syscfg.o

.debug_ranges   0x0000000000000000      0x9d0
 .debug_ranges  0x0000000000000000       0x78 obj/App/STM32F4-Discovery/spi.o
 .debug_ranges  0x0000000000000078       0xc8 obj/App/STM32F4-Discovery/W5200.o
 .debug_ranges  0x0000000000000140       0x88 obj/App/STM32F4-Discovery/main.o
 .debug_ranges  0x00000000000001c8       0x20 obj/App/STM32F4-Discovery/ParTest.o
 .debug_ranges  0x00000000000001e8       0x20 obj/App/STM32F4-Discovery/startup/system_stm32f4xx.o
 .debug_ranges  0x0000000000000208      0x150 obj/Source/tasks.o
 .debug_ranges  0x0000000000000358       0xe8 obj/Source/queue.o
 .debug_ranges  0x0000000000000440       0x30 obj/Source/list.o
 .debug_ranges  0x0000000000000470       0x88 obj/Source/portable/GCC/ARM_CM4F/port.o
 .debug_ranges  0x00000000000004f8       0x78 obj/Source/timers.o
 .debug_ranges  0x0000000000000570       0x28 obj/Source/portable/MemMang/heap_1.o
 .debug_ranges  0x0000000000000598       0x38 obj/App/STM32F4-Discovery/board/stm32f4_discovery.o
 .debug_ranges  0x00000000000005d0       0x30 obj/App/STM32F4-Discovery/Libraries/STM32F4xx_StdPeriph_Driver/src/misc.o
 .debug_ranges  0x0000000000000600       0xa0 obj/App/STM32F4-Discovery/Libraries/STM32F4xx_StdPeriph_Driver/src/stm32f4xx_dma.o
 .debug_ranges  0x00000000000006a0       0x48 obj/App/STM32F4-Discovery/Libraries/STM32F4xx_StdPeriph_Driver/src/stm32f4xx_exti.o
 .debug_ranges  0x00000000000006e8       0x78 obj/App/STM32F4-Discovery/Libraries/STM32F4xx_StdPeriph_Driver/src/stm32f4xx_gpio.o
 .debug_ranges  0x0000000000000760      0x168 obj/App/STM32F4-Discovery/Libraries/STM32F4xx_StdPeriph_Driver/src/stm32f4xx_rcc.o
 .debug_ranges  0x00000000000008c8       0xd0 obj/App/STM32F4-Discovery/Libraries/STM32F4xx_StdPeriph_Driver/src/stm32f4xx_spi.o
 .debug_ranges  0x0000000000000998       0x38 obj/App/STM32F4-Discovery/Libraries/STM32F4xx_StdPeriph_Driver/src/stm32f4xx_syscfg.o

.debug_line     0x0000000000000000     0x5017
 .debug_line    0x0000000000000000      0x4ec obj/App/STM32F4-Discovery/spi.o
 .debug_line    0x00000000000004ec      0x536 obj/App/STM32F4-Discovery/W5200.o
 .debug_line    0x0000000000000a22      0x42c obj/App/STM32F4-Discovery/main.o
 .debug_line    0x0000000000000e4e      0x1b2 obj/App/STM32F4-Discovery/ParTest.o
 .debug_line    0x0000000000001000      0x21b obj/App/STM32F4-Discovery/startup/system_stm32f4xx.o
 .debug_line    0x000000000000121b      0x93f obj/Source/tasks.o
 .debug_line    0x0000000000001b5a      0x6da obj/Source/queue.o
 .debug_line    0x0000000000002234      0x1f7 obj/Source/list.o
 .debug_line    0x000000000000242b      0x337 obj/Source/portable/GCC/ARM_CM4F/port.o
 .debug_line    0x0000000000002762      0x35f obj/Source/timers.o
 .debug_line    0x0000000000002ac1      0x20e obj/Source/portable/MemMang/heap_1.o
 .debug_line    0x0000000000002ccf      0x2a5 obj/App/STM32F4-Discovery/board/stm32f4_discovery.o
 .debug_line    0x0000000000002f74      0x2ae obj/App/STM32F4-Discovery/Libraries/STM32F4xx_StdPeriph_Driver/src/misc.o
 .debug_line    0x0000000000003222      0x599 obj/App/STM32F4-Discovery/Libraries/STM32F4xx_StdPeriph_Driver/src/stm32f4xx_dma.o
 .debug_line    0x00000000000037bb      0x325 obj/App/STM32F4-Discovery/Libraries/STM32F4xx_StdPeriph_Driver/src/stm32f4xx_exti.o
 .debug_line    0x0000000000003ae0      0x459 obj/App/STM32F4-Discovery/Libraries/STM32F4xx_StdPeriph_Driver/src/stm32f4xx_gpio.o
 .debug_line    0x0000000000003f39      0x820 obj/App/STM32F4-Discovery/Libraries/STM32F4xx_StdPeriph_Driver/src/stm32f4xx_rcc.o
 .debug_line    0x0000000000004759      0x661 obj/App/STM32F4-Discovery/Libraries/STM32F4xx_StdPeriph_Driver/src/stm32f4xx_spi.o
 .debug_line    0x0000000000004dba      0x25d obj/App/STM32F4-Discovery/Libraries/STM32F4xx_StdPeriph_Driver/src/stm32f4xx_syscfg.o

.debug_str      0x0000000000000000     0x3b10
 .debug_str     0x0000000000000000      0xda8 obj/App/STM32F4-Discovery/spi.o
                                        0xe3f (size before relaxing)
 .debug_str     0x0000000000000da8      0x253 obj/App/STM32F4-Discovery/W5200.o
                                        0x526 (size before relaxing)
 .debug_str     0x0000000000000ffb      0x2fe obj/App/STM32F4-Discovery/main.o
                                        0xb8d (size before relaxing)
 .debug_str     0x00000000000012f9       0x87 obj/App/STM32F4-Discovery/ParTest.o
                                        0x246 (size before relaxing)
 .debug_str     0x0000000000001380      0x1cf obj/App/STM32F4-Discovery/startup/system_stm32f4xx.o
                                        0x42c (size before relaxing)
 .debug_str     0x000000000000154f      0x944 obj/Source/tasks.o
                                        0xb83 (size before relaxing)
 .debug_str     0x0000000000001e93      0x452 obj/Source/queue.o
                                        0x75c (size before relaxing)
 .debug_str     0x00000000000022e5       0x9b obj/Source/list.o
                                        0x304 (size before relaxing)
 .debug_str     0x0000000000002380      0x22c obj/Source/portable/GCC/ARM_CM4F/port.o
                                        0x447 (size before relaxing)
 .debug_str     0x00000000000025ac      0x328 obj/Source/timers.o
                                        0x612 (size before relaxing)
 .debug_str     0x00000000000028d4       0x9c obj/Source/portable/MemMang/heap_1.o
                                        0x284 (size before relaxing)
 .debug_str     0x0000000000002970      0x1a0 obj/App/STM32F4-Discovery/board/stm32f4_discovery.o
                                        0xbb0 (size before relaxing)
 .debug_str     0x0000000000002b10      0x12f obj/App/STM32F4-Discovery/Libraries/STM32F4xx_StdPeriph_Driver/src/misc.o
                                        0x46b (size before relaxing)
 .debug_str     0x0000000000002c3f      0x27c obj/App/STM32F4-Discovery/Libraries/STM32F4xx_StdPeriph_Driver/src/stm32f4xx_dma.o
                                        0x5f1 (size before relaxing)
 .debug_str     0x0000000000002ebb       0xf6 obj/App/STM32F4-Discovery/Libraries/STM32F4xx_StdPeriph_Driver/src/stm32f4xx_exti.o
                                        0x41c (size before relaxing)
 .debug_str     0x0000000000002fb1      0x193 obj/App/STM32F4-Discovery/Libraries/STM32F4xx_StdPeriph_Driver/src/stm32f4xx_gpio.o
                                        0x540 (size before relaxing)
 .debug_str     0x0000000000003144      0x56f obj/App/STM32F4-Discovery/Libraries/STM32F4xx_StdPeriph_Driver/src/stm32f4xx_rcc.o
                                        0x8ed (size before relaxing)
 .debug_str     0x00000000000036b3      0x2f4 obj/App/STM32F4-Discovery/Libraries/STM32F4xx_StdPeriph_Driver/src/stm32f4xx_spi.o
                                        0x727 (size before relaxing)
 .debug_str     0x00000000000039a7      0x169 obj/App/STM32F4-Discovery/Libraries/STM32F4xx_StdPeriph_Driver/src/stm32f4xx_syscfg.o
                                        0x391 (size before relaxing)

.comment        0x0000000000000000       0x70
 .comment       0x0000000000000000       0x70 obj/App/STM32F4-Discovery/spi.o
                                         0x71 (size before relaxing)
 .comment       0x0000000000000000       0x71 obj/App/STM32F4-Discovery/W5200.o
 .comment       0x0000000000000000       0x71 obj/App/STM32F4-Discovery/main.o
 .comment       0x0000000000000000       0x71 obj/App/STM32F4-Discovery/ParTest.o
 .comment       0x0000000000000000       0x71 obj/App/STM32F4-Discovery/startup/system_stm32f4xx.o
 .comment       0x0000000000000000       0x71 obj/Source/tasks.o
 .comment       0x0000000000000000       0x71 obj/Source/queue.o
 .comment       0x0000000000000000       0x71 obj/Source/list.o
 .comment       0x0000000000000000       0x71 obj/Source/portable/GCC/ARM_CM4F/port.o
 .comment       0x0000000000000000       0x71 obj/Source/timers.o
 .comment       0x0000000000000000       0x71 obj/Source/portable/MemMang/heap_1.o
 .comment       0x0000000000000000       0x71 obj/App/STM32F4-Discovery/board/stm32f4_discovery.o
 .comment       0x0000000000000000       0x71 obj/App/STM32F4-Discovery/Libraries/STM32F4xx_StdPeriph_Driver/src/misc.o
 .comment       0x0000000000000000       0x71 obj/App/STM32F4-Discovery/Libraries/STM32F4xx_StdPeriph_Driver/src/stm32f4xx_dma.o
 .comment       0x0000000000000000       0x71 obj/App/STM32F4-Discovery/Libraries/STM32F4xx_StdPeriph_Driver/src/stm32f4xx_exti.o
 .comment       0x0000000000000000       0x71 obj/App/STM32F4-Discovery/Libraries/STM32F4xx_StdPeriph_Driver/src/stm32f4xx_gpio.o
 .comment       0x0000000000000000       0x71 obj/App/STM32F4-Discovery/Libraries/STM32F4xx_StdPeriph_Driver/src/stm32f4xx_rcc.o
 .comment       0x0000000000000000       0x71 obj/App/STM32F4-Discovery/Libraries/STM32F4xx_StdPeriph_Driver/src/stm32f4xx_spi.o
 .comment       0x0000000000000000       0x71 obj/App/STM32F4-Discovery/Libraries/STM32F4xx_StdPeriph_Driver/src/stm32f4xx_syscfg.o

.debug_frame    0x0000000000000000     0x2664
 .debug_frame   0x0000000000000000      0x1e4 obj/App/STM32F4-Discovery/spi.o
 .debug_frame   0x00000000000001e4      0x31c obj/App/STM32F4-Discovery/W5200.o
 .debug_frame   0x0000000000000500      0x1f0 obj/App/STM32F4-Discovery/main.o
 .debug_frame   0x00000000000006f0       0x6c obj/App/STM32F4-Discovery/ParTest.o
 .debug_frame   0x000000000000075c       0x64 obj/App/STM32F4-Discovery/startup/system_stm32f4xx.o
 .debug_frame   0x00000000000007c0      0x510 obj/Source/tasks.o
 .debug_frame   0x0000000000000cd0      0x384 obj/Source/queue.o
 .debug_frame   0x0000000000001054       0x9c obj/Source/list.o
 .debug_frame   0x00000000000010f0      0x190 obj/Source/portable/GCC/ARM_CM4F/port.o
 .debug_frame   0x0000000000001280      0x1c4 obj/Source/timers.o
 .debug_frame   0x0000000000001444       0x88 obj/Source/portable/MemMang/heap_1.o
 .debug_frame   0x00000000000014cc       0xc4 obj/App/STM32F4-Discovery/board/stm32f4_discovery.o
 .debug_frame   0x0000000000001590       0xb0 obj/App/STM32F4-Discovery/Libraries/STM32F4xx_StdPeriph_Driver/src/misc.o
 .debug_frame   0x0000000000001640      0x26c obj/App/STM32F4-Discovery/Libraries/STM32F4xx_StdPeriph_Driver/src/stm32f4xx_dma.o
 .debug_frame   0x00000000000018ac      0x108 obj/App/STM32F4-Discovery/Libraries/STM32F4xx_StdPeriph_Driver/src/stm32f4xx_exti.o
 .debug_frame   0x00000000000019b4      0x1cc obj/App/STM32F4-Discovery/Libraries/STM32F4xx_StdPeriph_Driver/src/stm32f4xx_gpio.o
 .debug_frame   0x0000000000001b80      0x580 obj/App/STM32F4-Discovery/Libraries/STM32F4xx_StdPeriph_Driver/src/stm32f4xx_rcc.o
 .debug_frame   0x0000000000002100      0x328 obj/App/STM32F4-Discovery/Libraries/STM32F4xx_StdPeriph_Driver/src/stm32f4xx_spi.o
 .debug_frame   0x0000000000002428       0xcc obj/App/STM32F4-Discovery/Libraries/STM32F4xx_StdPeriph_Driver/src/stm32f4xx_syscfg.o
 .debug_frame   0x00000000000024f4       0x2c /Users/maticknap/Downloads/gcc-arm-none-eabi-4_8-2014q2/bin/../lib/gcc/arm-none-eabi/4.8.4/../../../../arm-none-eabi/lib/armv7e-m/softfp/libc.a(lib_a-init.o)
 .debug_frame   0x0000000000002520       0x2c /Users/maticknap/Downloads/gcc-arm-none-eabi-4_8-2014q2/bin/../lib/gcc/arm-none-eabi/4.8.4/../../../../arm-none-eabi/lib/armv7e-m/softfp/libc.a(lib_a-memcmp.o)
 .debug_frame   0x000000000000254c       0x2c /Users/maticknap/Downloads/gcc-arm-none-eabi-4_8-2014q2/bin/../lib/gcc/arm-none-eabi/4.8.4/../../../../arm-none-eabi/lib/armv7e-m/softfp/libc.a(lib_a-memset.o)
 .debug_frame   0x0000000000002578       0x28 /Users/maticknap/Downloads/gcc-arm-none-eabi-4_8-2014q2/bin/../lib/gcc/arm-none-eabi/4.8.4/../../../../arm-none-eabi/lib/armv7e-m/softfp/libc.a(lib_a-strncmp.o)
 .debug_frame   0x00000000000025a0       0x48 /Users/maticknap/Downloads/gcc-arm-none-eabi-4_8-2014q2/bin/../lib/gcc/arm-none-eabi/4.8.4/../../../../arm-none-eabi/lib/armv7e-m/softfp/libc.a(lib_a-__call_atexit.o)
 .debug_frame   0x00000000000025e8       0x20 /Users/maticknap/Downloads/gcc-arm-none-eabi-4_8-2014q2/bin/../lib/gcc/arm-none-eabi/4.8.4/../../../../arm-none-eabi/lib/armv7e-m/softfp/libc.a(lib_a-atexit.o)
 .debug_frame   0x0000000000002608       0x2c /Users/maticknap/Downloads/gcc-arm-none-eabi-4_8-2014q2/bin/../lib/gcc/arm-none-eabi/4.8.4/../../../../arm-none-eabi/lib/armv7e-m/softfp/libc.a(lib_a-fini.o)
 .debug_frame   0x0000000000002634       0x30 /Users/maticknap/Downloads/gcc-arm-none-eabi-4_8-2014q2/bin/../lib/gcc/arm-none-eabi/4.8.4/../../../../arm-none-eabi/lib/armv7e-m/softfp/libc.a(lib_a-__atexit.o)

Cross Reference Table

Symbol                                            File
ADC_AnalogWatchdogCmd                             obj/App/STM32F4-Discovery/Libraries/STM32F4xx_StdPeriph_Driver/src/stm32f4xx_adc.o
ADC_AnalogWatchdogSingleChannelConfig             obj/App/STM32F4-Discovery/Libraries/STM32F4xx_StdPeriph_Driver/src/stm32f4xx_adc.o
ADC_AnalogWatchdogThresholdsConfig                obj/App/STM32F4-Discovery/Libraries/STM32F4xx_StdPeriph_Driver/src/stm32f4xx_adc.o
ADC_AutoInjectedConvCmd                           obj/App/STM32F4-Discovery/Libraries/STM32F4xx_StdPeriph_Driver/src/stm32f4xx_adc.o
ADC_ClearFlag                                     obj/App/STM32F4-Discovery/Libraries/STM32F4xx_StdPeriph_Driver/src/stm32f4xx_adc.o
ADC_ClearITPendingBit                             obj/App/STM32F4-Discovery/Libraries/STM32F4xx_StdPeriph_Driver/src/stm32f4xx_adc.o
ADC_Cmd                                           obj/App/STM32F4-Discovery/Libraries/STM32F4xx_StdPeriph_Driver/src/stm32f4xx_adc.o
ADC_CommonInit                                    obj/App/STM32F4-Discovery/Libraries/STM32F4xx_StdPeriph_Driver/src/stm32f4xx_adc.o
ADC_CommonStructInit                              obj/App/STM32F4-Discovery/Libraries/STM32F4xx_StdPeriph_Driver/src/stm32f4xx_adc.o
ADC_ContinuousModeCmd                             obj/App/STM32F4-Discovery/Libraries/STM32F4xx_StdPeriph_Driver/src/stm32f4xx_adc.o
ADC_DMACmd                                        obj/App/STM32F4-Discovery/Libraries/STM32F4xx_StdPeriph_Driver/src/stm32f4xx_adc.o
ADC_DMARequestAfterLastTransferCmd                obj/App/STM32F4-Discovery/Libraries/STM32F4xx_StdPeriph_Driver/src/stm32f4xx_adc.o
ADC_DeInit                                        obj/App/STM32F4-Discovery/Libraries/STM32F4xx_StdPeriph_Driver/src/stm32f4xx_adc.o
ADC_DiscModeChannelCountConfig                    obj/App/STM32F4-Discovery/Libraries/STM32F4xx_StdPeriph_Driver/src/stm32f4xx_adc.o
ADC_DiscModeCmd                                   obj/App/STM32F4-Discovery/Libraries/STM32F4xx_StdPeriph_Driver/src/stm32f4xx_adc.o
ADC_EOCOnEachRegularChannelCmd                    obj/App/STM32F4-Discovery/Libraries/STM32F4xx_StdPeriph_Driver/src/stm32f4xx_adc.o
ADC_ExternalTrigInjectedConvConfig                obj/App/STM32F4-Discovery/Libraries/STM32F4xx_StdPeriph_Driver/src/stm32f4xx_adc.o
ADC_ExternalTrigInjectedConvEdgeConfig            obj/App/STM32F4-Discovery/Libraries/STM32F4xx_StdPeriph_Driver/src/stm32f4xx_adc.o
ADC_GetConversionValue                            obj/App/STM32F4-Discovery/Libraries/STM32F4xx_StdPeriph_Driver/src/stm32f4xx_adc.o
ADC_GetFlagStatus                                 obj/App/STM32F4-Discovery/Libraries/STM32F4xx_StdPeriph_Driver/src/stm32f4xx_adc.o
ADC_GetITStatus                                   obj/App/STM32F4-Discovery/Libraries/STM32F4xx_StdPeriph_Driver/src/stm32f4xx_adc.o
ADC_GetInjectedConversionValue                    obj/App/STM32F4-Discovery/Libraries/STM32F4xx_StdPeriph_Driver/src/stm32f4xx_adc.o
ADC_GetMultiModeConversionValue                   obj/App/STM32F4-Discovery/Libraries/STM32F4xx_StdPeriph_Driver/src/stm32f4xx_adc.o
ADC_GetSoftwareStartConvStatus                    obj/App/STM32F4-Discovery/Libraries/STM32F4xx_StdPeriph_Driver/src/stm32f4xx_adc.o
ADC_GetSoftwareStartInjectedConvCmdStatus         obj/App/STM32F4-Discovery/Libraries/STM32F4xx_StdPeriph_Driver/src/stm32f4xx_adc.o
ADC_IRQHandler                                    obj/App/STM32F4-Discovery/startup/startup_stm32f4xx.o
ADC_ITConfig                                      obj/App/STM32F4-Discovery/Libraries/STM32F4xx_StdPeriph_Driver/src/stm32f4xx_adc.o
ADC_Init                                          obj/App/STM32F4-Discovery/Libraries/STM32F4xx_StdPeriph_Driver/src/stm32f4xx_adc.o
ADC_InjectedChannelConfig                         obj/App/STM32F4-Discovery/Libraries/STM32F4xx_StdPeriph_Driver/src/stm32f4xx_adc.o
ADC_InjectedDiscModeCmd                           obj/App/STM32F4-Discovery/Libraries/STM32F4xx_StdPeriph_Driver/src/stm32f4xx_adc.o
ADC_InjectedSequencerLengthConfig                 obj/App/STM32F4-Discovery/Libraries/STM32F4xx_StdPeriph_Driver/src/stm32f4xx_adc.o
ADC_MultiModeDMARequestAfterLastTransferCmd       obj/App/STM32F4-Discovery/Libraries/STM32F4xx_StdPeriph_Driver/src/stm32f4xx_adc.o
ADC_RegularChannelConfig                          obj/App/STM32F4-Discovery/Libraries/STM32F4xx_StdPeriph_Driver/src/stm32f4xx_adc.o
ADC_SetInjectedOffset                             obj/App/STM32F4-Discovery/Libraries/STM32F4xx_StdPeriph_Driver/src/stm32f4xx_adc.o
ADC_SoftwareStartConv                             obj/App/STM32F4-Discovery/Libraries/STM32F4xx_StdPeriph_Driver/src/stm32f4xx_adc.o
ADC_SoftwareStartInjectedConv                     obj/App/STM32F4-Discovery/Libraries/STM32F4xx_StdPeriph_Driver/src/stm32f4xx_adc.o
ADC_StructInit                                    obj/App/STM32F4-Discovery/Libraries/STM32F4xx_StdPeriph_Driver/src/stm32f4xx_adc.o
ADC_TempSensorVrefintCmd                          obj/App/STM32F4-Discovery/Libraries/STM32F4xx_StdPeriph_Driver/src/stm32f4xx_adc.o
ADC_VBATCmd                                       obj/App/STM32F4-Discovery/Libraries/STM32F4xx_StdPeriph_Driver/src/stm32f4xx_adc.o
AHBPrescTable                                     obj/App/STM32F4-Discovery/startup/system_stm32f4xx.o
BUTTON_CLK                                        obj/App/STM32F4-Discovery/board/stm32f4_discovery.o
BUTTON_EXTI_LINE                                  obj/App/STM32F4-Discovery/board/stm32f4_discovery.o
BUTTON_IRQn                                       obj/App/STM32F4-Discovery/board/stm32f4_discovery.o
BUTTON_PIN                                        obj/App/STM32F4-Discovery/board/stm32f4_discovery.o
BUTTON_PIN_SOURCE                                 obj/App/STM32F4-Discovery/board/stm32f4_discovery.o
BUTTON_PORT                                       obj/App/STM32F4-Discovery/board/stm32f4_discovery.o
BUTTON_PORT_SOURCE                                obj/App/STM32F4-Discovery/board/stm32f4_discovery.o
BusFault_Handler                                  obj/App/STM32F4-Discovery/startup/startup_stm32f4xx.o
CAN1_RX0_IRQHandler                               obj/App/STM32F4-Discovery/startup/startup_stm32f4xx.o
CAN1_RX1_IRQHandler                               obj/App/STM32F4-Discovery/startup/startup_stm32f4xx.o
CAN1_SCE_IRQHandler                               obj/App/STM32F4-Discovery/startup/startup_stm32f4xx.o
CAN1_TX_IRQHandler                                obj/App/STM32F4-Discovery/startup/startup_stm32f4xx.o
CAN2_RX0_IRQHandler                               obj/App/STM32F4-Discovery/startup/startup_stm32f4xx.o
CAN2_RX1_IRQHandler                               obj/App/STM32F4-Discovery/startup/startup_stm32f4xx.o
CAN2_SCE_IRQHandler                               obj/App/STM32F4-Discovery/startup/startup_stm32f4xx.o
CAN2_TX_IRQHandler                                obj/App/STM32F4-Discovery/startup/startup_stm32f4xx.o
CAN_CancelTransmit                                obj/App/STM32F4-Discovery/Libraries/STM32F4xx_StdPeriph_Driver/src/stm32f4xx_can.o
CAN_ClearFlag                                     obj/App/STM32F4-Discovery/Libraries/STM32F4xx_StdPeriph_Driver/src/stm32f4xx_can.o
CAN_ClearITPendingBit                             obj/App/STM32F4-Discovery/Libraries/STM32F4xx_StdPeriph_Driver/src/stm32f4xx_can.o
CAN_DBGFreeze                                     obj/App/STM32F4-Discovery/Libraries/STM32F4xx_StdPeriph_Driver/src/stm32f4xx_can.o
CAN_DeInit                                        obj/App/STM32F4-Discovery/Libraries/STM32F4xx_StdPeriph_Driver/src/stm32f4xx_can.o
CAN_FIFORelease                                   obj/App/STM32F4-Discovery/Libraries/STM32F4xx_StdPeriph_Driver/src/stm32f4xx_can.o
CAN_FilterInit                                    obj/App/STM32F4-Discovery/Libraries/STM32F4xx_StdPeriph_Driver/src/stm32f4xx_can.o
CAN_GetFlagStatus                                 obj/App/STM32F4-Discovery/Libraries/STM32F4xx_StdPeriph_Driver/src/stm32f4xx_can.o
CAN_GetITStatus                                   obj/App/STM32F4-Discovery/Libraries/STM32F4xx_StdPeriph_Driver/src/stm32f4xx_can.o
CAN_GetLSBTransmitErrorCounter                    obj/App/STM32F4-Discovery/Libraries/STM32F4xx_StdPeriph_Driver/src/stm32f4xx_can.o
CAN_GetLastErrorCode                              obj/App/STM32F4-Discovery/Libraries/STM32F4xx_StdPeriph_Driver/src/stm32f4xx_can.o
CAN_GetReceiveErrorCounter                        obj/App/STM32F4-Discovery/Libraries/STM32F4xx_StdPeriph_Driver/src/stm32f4xx_can.o
CAN_ITConfig                                      obj/App/STM32F4-Discovery/Libraries/STM32F4xx_StdPeriph_Driver/src/stm32f4xx_can.o
CAN_Init                                          obj/App/STM32F4-Discovery/Libraries/STM32F4xx_StdPeriph_Driver/src/stm32f4xx_can.o
CAN_MessagePending                                obj/App/STM32F4-Discovery/Libraries/STM32F4xx_StdPeriph_Driver/src/stm32f4xx_can.o
CAN_OperatingModeRequest                          obj/App/STM32F4-Discovery/Libraries/STM32F4xx_StdPeriph_Driver/src/stm32f4xx_can.o
CAN_Receive                                       obj/App/STM32F4-Discovery/Libraries/STM32F4xx_StdPeriph_Driver/src/stm32f4xx_can.o
CAN_SlaveStartBank                                obj/App/STM32F4-Discovery/Libraries/STM32F4xx_StdPeriph_Driver/src/stm32f4xx_can.o
CAN_Sleep                                         obj/App/STM32F4-Discovery/Libraries/STM32F4xx_StdPeriph_Driver/src/stm32f4xx_can.o
CAN_StructInit                                    obj/App/STM32F4-Discovery/Libraries/STM32F4xx_StdPeriph_Driver/src/stm32f4xx_can.o
CAN_TTComModeCmd                                  obj/App/STM32F4-Discovery/Libraries/STM32F4xx_StdPeriph_Driver/src/stm32f4xx_can.o
CAN_Transmit                                      obj/App/STM32F4-Discovery/Libraries/STM32F4xx_StdPeriph_Driver/src/stm32f4xx_can.o
CAN_TransmitStatus                                obj/App/STM32F4-Discovery/Libraries/STM32F4xx_StdPeriph_Driver/src/stm32f4xx_can.o
CAN_WakeUp                                        obj/App/STM32F4-Discovery/Libraries/STM32F4xx_StdPeriph_Driver/src/stm32f4xx_can.o
CRC_CalcBlockCRC                                  obj/App/STM32F4-Discovery/Libraries/STM32F4xx_StdPeriph_Driver/src/stm32f4xx_crc.o
CRC_CalcCRC                                       obj/App/STM32F4-Discovery/Libraries/STM32F4xx_StdPeriph_Driver/src/stm32f4xx_crc.o
CRC_GetCRC                                        obj/App/STM32F4-Discovery/Libraries/STM32F4xx_StdPeriph_Driver/src/stm32f4xx_crc.o
CRC_GetIDRegister                                 obj/App/STM32F4-Discovery/Libraries/STM32F4xx_StdPeriph_Driver/src/stm32f4xx_crc.o
CRC_ResetDR                                       obj/App/STM32F4-Discovery/Libraries/STM32F4xx_StdPeriph_Driver/src/stm32f4xx_crc.o
CRC_SetIDRegister                                 obj/App/STM32F4-Discovery/Libraries/STM32F4xx_StdPeriph_Driver/src/stm32f4xx_crc.o
CRYP_AES_CBC                                      obj/App/STM32F4-Discovery/Libraries/STM32F4xx_StdPeriph_Driver/src/stm32f4xx_cryp_aes.o
CRYP_AES_CTR                                      obj/App/STM32F4-Discovery/Libraries/STM32F4xx_StdPeriph_Driver/src/stm32f4xx_cryp_aes.o
CRYP_AES_ECB                                      obj/App/STM32F4-Discovery/Libraries/STM32F4xx_StdPeriph_Driver/src/stm32f4xx_cryp_aes.o
CRYP_Cmd                                          obj/App/STM32F4-Discovery/Libraries/STM32F4xx_StdPeriph_Driver/src/stm32f4xx_cryp.o
                                                  obj/App/STM32F4-Discovery/Libraries/STM32F4xx_StdPeriph_Driver/src/stm32f4xx_cryp_tdes.o
                                                  obj/App/STM32F4-Discovery/Libraries/STM32F4xx_StdPeriph_Driver/src/stm32f4xx_cryp_des.o
                                                  obj/App/STM32F4-Discovery/Libraries/STM32F4xx_StdPeriph_Driver/src/stm32f4xx_cryp_aes.o
CRYP_DES_CBC                                      obj/App/STM32F4-Discovery/Libraries/STM32F4xx_StdPeriph_Driver/src/stm32f4xx_cryp_des.o
CRYP_DES_ECB                                      obj/App/STM32F4-Discovery/Libraries/STM32F4xx_StdPeriph_Driver/src/stm32f4xx_cryp_des.o
CRYP_DMACmd                                       obj/App/STM32F4-Discovery/Libraries/STM32F4xx_StdPeriph_Driver/src/stm32f4xx_cryp.o
CRYP_DataIn                                       obj/App/STM32F4-Discovery/Libraries/STM32F4xx_StdPeriph_Driver/src/stm32f4xx_cryp.o
                                                  obj/App/STM32F4-Discovery/Libraries/STM32F4xx_StdPeriph_Driver/src/stm32f4xx_cryp_tdes.o
                                                  obj/App/STM32F4-Discovery/Libraries/STM32F4xx_StdPeriph_Driver/src/stm32f4xx_cryp_des.o
                                                  obj/App/STM32F4-Discovery/Libraries/STM32F4xx_StdPeriph_Driver/src/stm32f4xx_cryp_aes.o
CRYP_DataOut                                      obj/App/STM32F4-Discovery/Libraries/STM32F4xx_StdPeriph_Driver/src/stm32f4xx_cryp.o
                                                  obj/App/STM32F4-Discovery/Libraries/STM32F4xx_StdPeriph_Driver/src/stm32f4xx_cryp_tdes.o
                                                  obj/App/STM32F4-Discovery/Libraries/STM32F4xx_StdPeriph_Driver/src/stm32f4xx_cryp_des.o
                                                  obj/App/STM32F4-Discovery/Libraries/STM32F4xx_StdPeriph_Driver/src/stm32f4xx_cryp_aes.o
CRYP_DeInit                                       obj/App/STM32F4-Discovery/Libraries/STM32F4xx_StdPeriph_Driver/src/stm32f4xx_cryp.o
CRYP_FIFOFlush                                    obj/App/STM32F4-Discovery/Libraries/STM32F4xx_StdPeriph_Driver/src/stm32f4xx_cryp.o
                                                  obj/App/STM32F4-Discovery/Libraries/STM32F4xx_StdPeriph_Driver/src/stm32f4xx_cryp_tdes.o
                                                  obj/App/STM32F4-Discovery/Libraries/STM32F4xx_StdPeriph_Driver/src/stm32f4xx_cryp_des.o
                                                  obj/App/STM32F4-Discovery/Libraries/STM32F4xx_StdPeriph_Driver/src/stm32f4xx_cryp_aes.o
CRYP_GetFlagStatus                                obj/App/STM32F4-Discovery/Libraries/STM32F4xx_StdPeriph_Driver/src/stm32f4xx_cryp.o
                                                  obj/App/STM32F4-Discovery/Libraries/STM32F4xx_StdPeriph_Driver/src/stm32f4xx_cryp_tdes.o
                                                  obj/App/STM32F4-Discovery/Libraries/STM32F4xx_StdPeriph_Driver/src/stm32f4xx_cryp_des.o
                                                  obj/App/STM32F4-Discovery/Libraries/STM32F4xx_StdPeriph_Driver/src/stm32f4xx_cryp_aes.o
CRYP_GetITStatus                                  obj/App/STM32F4-Discovery/Libraries/STM32F4xx_StdPeriph_Driver/src/stm32f4xx_cryp.o
CRYP_IRQHandler                                   obj/App/STM32F4-Discovery/startup/startup_stm32f4xx.o
CRYP_ITConfig                                     obj/App/STM32F4-Discovery/Libraries/STM32F4xx_StdPeriph_Driver/src/stm32f4xx_cryp.o
CRYP_IVInit                                       obj/App/STM32F4-Discovery/Libraries/STM32F4xx_StdPeriph_Driver/src/stm32f4xx_cryp.o
                                                  obj/App/STM32F4-Discovery/Libraries/STM32F4xx_StdPeriph_Driver/src/stm32f4xx_cryp_tdes.o
                                                  obj/App/STM32F4-Discovery/Libraries/STM32F4xx_StdPeriph_Driver/src/stm32f4xx_cryp_des.o
                                                  obj/App/STM32F4-Discovery/Libraries/STM32F4xx_StdPeriph_Driver/src/stm32f4xx_cryp_aes.o
CRYP_IVStructInit                                 obj/App/STM32F4-Discovery/Libraries/STM32F4xx_StdPeriph_Driver/src/stm32f4xx_cryp.o
CRYP_Init                                         obj/App/STM32F4-Discovery/Libraries/STM32F4xx_StdPeriph_Driver/src/stm32f4xx_cryp.o
                                                  obj/App/STM32F4-Discovery/Libraries/STM32F4xx_StdPeriph_Driver/src/stm32f4xx_cryp_tdes.o
                                                  obj/App/STM32F4-Discovery/Libraries/STM32F4xx_StdPeriph_Driver/src/stm32f4xx_cryp_des.o
                                                  obj/App/STM32F4-Discovery/Libraries/STM32F4xx_StdPeriph_Driver/src/stm32f4xx_cryp_aes.o
CRYP_KeyInit                                      obj/App/STM32F4-Discovery/Libraries/STM32F4xx_StdPeriph_Driver/src/stm32f4xx_cryp.o
                                                  obj/App/STM32F4-Discovery/Libraries/STM32F4xx_StdPeriph_Driver/src/stm32f4xx_cryp_tdes.o
                                                  obj/App/STM32F4-Discovery/Libraries/STM32F4xx_StdPeriph_Driver/src/stm32f4xx_cryp_des.o
                                                  obj/App/STM32F4-Discovery/Libraries/STM32F4xx_StdPeriph_Driver/src/stm32f4xx_cryp_aes.o
CRYP_KeyStructInit                                obj/App/STM32F4-Discovery/Libraries/STM32F4xx_StdPeriph_Driver/src/stm32f4xx_cryp.o
                                                  obj/App/STM32F4-Discovery/Libraries/STM32F4xx_StdPeriph_Driver/src/stm32f4xx_cryp_tdes.o
                                                  obj/App/STM32F4-Discovery/Libraries/STM32F4xx_StdPeriph_Driver/src/stm32f4xx_cryp_des.o
                                                  obj/App/STM32F4-Discovery/Libraries/STM32F4xx_StdPeriph_Driver/src/stm32f4xx_cryp_aes.o
CRYP_RestoreContext                               obj/App/STM32F4-Discovery/Libraries/STM32F4xx_StdPeriph_Driver/src/stm32f4xx_cryp.o
CRYP_SaveContext                                  obj/App/STM32F4-Discovery/Libraries/STM32F4xx_StdPeriph_Driver/src/stm32f4xx_cryp.o
CRYP_StructInit                                   obj/App/STM32F4-Discovery/Libraries/STM32F4xx_StdPeriph_Driver/src/stm32f4xx_cryp.o
CRYP_TDES_CBC                                     obj/App/STM32F4-Discovery/Libraries/STM32F4xx_StdPeriph_Driver/src/stm32f4xx_cryp_tdes.o
CRYP_TDES_ECB                                     obj/App/STM32F4-Discovery/Libraries/STM32F4xx_StdPeriph_Driver/src/stm32f4xx_cryp_tdes.o
DAC_ClearFlag                                     obj/App/STM32F4-Discovery/Libraries/STM32F4xx_StdPeriph_Driver/src/stm32f4xx_dac.o
DAC_ClearITPendingBit                             obj/App/STM32F4-Discovery/Libraries/STM32F4xx_StdPeriph_Driver/src/stm32f4xx_dac.o
DAC_Cmd                                           obj/App/STM32F4-Discovery/Libraries/STM32F4xx_StdPeriph_Driver/src/stm32f4xx_dac.o
DAC_DMACmd                                        obj/App/STM32F4-Discovery/Libraries/STM32F4xx_StdPeriph_Driver/src/stm32f4xx_dac.o
DAC_DeInit                                        obj/App/STM32F4-Discovery/Libraries/STM32F4xx_StdPeriph_Driver/src/stm32f4xx_dac.o
DAC_DualSoftwareTriggerCmd                        obj/App/STM32F4-Discovery/Libraries/STM32F4xx_StdPeriph_Driver/src/stm32f4xx_dac.o